Archive member included to satisfy reference by file (symbol)

C:/Users/ff/AppData/Local/stm32cube/bundles/gnu-tools-for-stm32/13.3.1+st.9/bin/../lib/gcc/arm-none-eabi/13.3.1/thumb/v7-m/nofp\libgcc.a(_arm_muldf3.o)
                              CMakeFiles/flower.dir/components/cJSON/cJSON.c.obj (__aeabi_dmul)
C:/Users/ff/AppData/Local/stm32cube/bundles/gnu-tools-for-stm32/13.3.1+st.9/bin/../lib/gcc/arm-none-eabi/13.3.1/thumb/v7-m/nofp\libgcc.a(_arm_mulsf3.o)
                              CMakeFiles/flower.dir/components/bh1750fvi/src/driver_bh1750fvi.c.obj (__aeabi_fmul)
C:/Users/ff/AppData/Local/stm32cube/bundles/gnu-tools-for-stm32/13.3.1+st.9/bin/../lib/gcc/arm-none-eabi/13.3.1/thumb/v7-m/nofp\libgcc.a(_arm_addsubdf3.o)
                              CMakeFiles/flower.dir/components/cJSON/cJSON.c.obj (__aeabi_dsub)
C:/Users/ff/AppData/Local/stm32cube/bundles/gnu-tools-for-stm32/13.3.1+st.9/bin/../lib/gcc/arm-none-eabi/13.3.1/thumb/v7-m/nofp\libgcc.a(_arm_muldivdf3.o)
                              CMakeFiles/flower.dir/components/printf/printf.c.obj (__aeabi_ddiv)
C:/Users/ff/AppData/Local/stm32cube/bundles/gnu-tools-for-stm32/13.3.1+st.9/bin/../lib/gcc/arm-none-eabi/13.3.1/thumb/v7-m/nofp\libgcc.a(_arm_cmpdf2.o)
                              CMakeFiles/flower.dir/components/cJSON/cJSON.c.obj (__aeabi_dcmpeq)
C:/Users/ff/AppData/Local/stm32cube/bundles/gnu-tools-for-stm32/13.3.1+st.9/bin/../lib/gcc/arm-none-eabi/13.3.1/thumb/v7-m/nofp\libgcc.a(_arm_unorddf2.o)
                              CMakeFiles/flower.dir/components/cJSON/cJSON.c.obj (__aeabi_dcmpun)
C:/Users/ff/AppData/Local/stm32cube/bundles/gnu-tools-for-stm32/13.3.1+st.9/bin/../lib/gcc/arm-none-eabi/13.3.1/thumb/v7-m/nofp\libgcc.a(_arm_fixdfsi.o)
                              CMakeFiles/flower.dir/components/cJSON/cJSON.c.obj (__aeabi_d2iz)
C:/Users/ff/AppData/Local/stm32cube/bundles/gnu-tools-for-stm32/13.3.1+st.9/bin/../lib/gcc/arm-none-eabi/13.3.1/thumb/v7-m/nofp\libgcc.a(_arm_fixunsdfsi.o)
                              CMakeFiles/flower.dir/components/printf/printf.c.obj (__aeabi_d2uiz)
C:/Users/ff/AppData/Local/stm32cube/bundles/gnu-tools-for-stm32/13.3.1+st.9/bin/../lib/gcc/arm-none-eabi/13.3.1/thumb/v7-m/nofp\libgcc.a(_arm_addsubsf3.o)
                              CMakeFiles/flower.dir/components/bh1750fvi/src/driver_bh1750fvi.c.obj (__aeabi_ui2f)
C:/Users/ff/AppData/Local/stm32cube/bundles/gnu-tools-for-stm32/13.3.1+st.9/bin/../lib/gcc/arm-none-eabi/13.3.1/thumb/v7-m/nofp\libgcc.a(_arm_muldivsf3.o)
                              CMakeFiles/flower.dir/src/flower.c.obj (__aeabi_fdiv)
C:/Users/ff/AppData/Local/stm32cube/bundles/gnu-tools-for-stm32/13.3.1+st.9/bin/../lib/gcc/arm-none-eabi/13.3.1/thumb/v7-m/nofp\libgcc.a(_arm_fixunssfsi.o)
                              CMakeFiles/flower.dir/components/bh1750fvi/src/driver_bh1750fvi.c.obj (__aeabi_f2uiz)
C:/Users/ff/AppData/Local/stm32cube/bundles/gnu-tools-for-stm32/13.3.1+st.9/bin/../lib/gcc/arm-none-eabi/13.3.1/thumb/v7-m/nofp\libgcc.a(_aeabi_uldivmod.o)
                              CMakeFiles/flower.dir/components/printf/printf.c.obj (__aeabi_uldivmod)
C:/Users/ff/AppData/Local/stm32cube/bundles/gnu-tools-for-stm32/13.3.1+st.9/bin/../lib/gcc/arm-none-eabi/13.3.1/thumb/v7-m/nofp\libgcc.a(_udivmoddi4.o)
                              C:/Users/ff/AppData/Local/stm32cube/bundles/gnu-tools-for-stm32/13.3.1+st.9/bin/../lib/gcc/arm-none-eabi/13.3.1/thumb/v7-m/nofp\libgcc.a(_aeabi_uldivmod.o) (__udivmoddi4)
C:/Users/ff/AppData/Local/stm32cube/bundles/gnu-tools-for-stm32/13.3.1+st.9/bin/../lib/gcc/arm-none-eabi/13.3.1/thumb/v7-m/nofp\libgcc.a(_dvmd_tls.o)
                              C:/Users/ff/AppData/Local/stm32cube/bundles/gnu-tools-for-stm32/13.3.1+st.9/bin/../lib/gcc/arm-none-eabi/13.3.1/thumb/v7-m/nofp\libgcc.a(_aeabi_uldivmod.o) (__aeabi_ldiv0)
C:/Users/ff/AppData/Local/stm32cube/bundles/gnu-tools-for-stm32/13.3.1+st.9/bin/../lib/gcc/arm-none-eabi/13.3.1/../../../../arm-none-eabi/lib/thumb/v7-m/nofp\libg_nano.a(libc_a-assert.o)
                              CMakeFiles/flower.dir/components/Ring-Buffer/ringbuffer.c.obj (__assert_func)
C:/Users/ff/AppData/Local/stm32cube/bundles/gnu-tools-for-stm32/13.3.1+st.9/bin/../lib/gcc/arm-none-eabi/13.3.1/../../../../arm-none-eabi/lib/thumb/v7-m/nofp\libg_nano.a(libc_a-exit.o)
                              C:/Users/ff/AppData/Local/stm32cube/bundles/gnu-tools-for-stm32/13.3.1+st.9/bin/../lib/gcc/arm-none-eabi/13.3.1/../../../../arm-none-eabi/lib/thumb/v7-m/nofp/crt0.o (exit)
C:/Users/ff/AppData/Local/stm32cube/bundles/gnu-tools-for-stm32/13.3.1+st.9/bin/../lib/gcc/arm-none-eabi/13.3.1/../../../../arm-none-eabi/lib/thumb/v7-m/nofp\libg_nano.a(libc_a-malloc.o)
                              CMakeFiles/flower.dir/components/cJSON/cJSON.c.obj (malloc)
[...]
Memory Configuration

Name             Origin             Length             Attributes
RAM              0x20000000         0x00005000         xrw
FLASH            0x08000000         0x00010000         xr
*default*        0x00000000         0xffffffff

Linker script and memory map

LOAD C:/Users/ff/AppData/Local/stm32cube/bundles/gnu-tools-for-stm32/13.3.1+st.9/bin/../lib/gcc/arm-none-eabi/13.3.1/thumb/v7-m/nofp/crti.o
LOAD C:/Users/ff/AppData/Local/stm32cube/bundles/gnu-tools-for-stm32/13.3.1+st.9/bin/../lib/gcc/arm-none-eabi/13.3.1/thumb/v7-m/nofp/crtbegin.o
LOAD C:/Users/ff/AppData/Local/stm32cube/bundles/gnu-tools-for-stm32/13.3.1+st.9/bin/../lib/gcc/arm-none-eabi/13.3.1/../../../../arm-none-eabi/lib/thumb/v7-m/nofp/crt0.o
LOAD cmake/stm32cubemx/CMakeFiles/STM32_Drivers.dir/__/__/Core/Src/system_stm32f1xx.c.obj
LOAD cmake/stm32cubemx/CMakeFiles/STM32_Drivers.dir/__/__/Drivers/STM32F1xx_HAL_Driver/Src/stm32f1xx_hal_gpio_ex.c.obj
LOAD cmake/stm32cubemx/CMakeFiles/STM32_Drivers.dir/__/__/Drivers/STM32F1xx_HAL_Driver/Src/stm32f1xx_hal_adc.c.obj
LOAD cmake/stm32cubemx/CMakeFiles/STM32_Drivers.dir/__/__/Drivers/STM32F1xx_HAL_Driver/Src/stm32f1xx_hal_adc_ex.c.obj
LOAD cmake/stm32cubemx/CMakeFiles/STM32_Drivers.dir/__/__/Drivers/STM32F1xx_HAL_Driver/Src/stm32f1xx_hal.c.obj
LOAD cmake/stm32cubemx/CMakeFiles/STM32_Drivers.dir/__/__/Drivers/STM32F1xx_HAL_Driver/Src/stm32f1xx_hal_rcc.c.obj
LOAD cmake/stm32cubemx/CMakeFiles/STM32_Drivers.dir/__/__/Drivers/STM32F1xx_HAL_Driver/Src/stm32f1xx_hal_rcc_ex.c.obj
LOAD cmake/stm32cubemx/CMakeFiles/STM32_Drivers.dir/__/__/Drivers/STM32F1xx_HAL_Driver/Src/stm32f1xx_hal_gpio.c.obj
LOAD cmake/stm32cubemx/CMakeFiles/STM32_Drivers.dir/__/__/Drivers/STM32F1xx_HAL_Driver/Src/stm32f1xx_hal_dma.c.obj
LOAD cmake/stm32cubemx/CMakeFiles/STM32_Drivers.dir/__/__/Drivers/STM32F1xx_HAL_Driver/Src/stm32f1xx_hal_cortex.c.obj
LOAD cmake/stm32cubemx/CMakeFiles/STM32_Drivers.dir/__/__/Drivers/STM32F1xx_HAL_Driver/Src/stm32f1xx_hal_pwr.c.obj
LOAD cmake/stm32cubemx/CMakeFiles/STM32_Drivers.dir/__/__/Drivers/STM32F1xx_HAL_Driver/Src/stm32f1xx_hal_flash.c.obj
LOAD cmake/stm32cubemx/CMakeFiles/STM32_Drivers.dir/__/__/Drivers/STM32F1xx_HAL_Driver/Src/stm32f1xx_hal_flash_ex.c.obj
LOAD cmake/stm32cubemx/CMakeFiles/STM32_Drivers.dir/__/__/Drivers/STM32F1xx_HAL_Driver/Src/stm32f1xx_hal_exti.c.obj
LOAD cmake/stm32cubemx/CMakeFiles/STM32_Drivers.dir/__/__/Drivers/STM32F1xx_HAL_Driver/Src/stm32f1xx_hal_i2c.c.obj
LOAD cmake/stm32cubemx/CMakeFiles/STM32_Drivers.dir/__/__/Drivers/STM32F1xx_HAL_Driver/Src/stm32f1xx_hal_tim.c.obj
LOAD cmake/stm32cubemx/CMakeFiles/STM32_Drivers.dir/__/__/Drivers/STM32F1xx_HAL_Driver/Src/stm32f1xx_hal_tim_ex.c.obj
LOAD cmake/stm32cubemx/CMakeFiles/STM32_Drivers.dir/__/__/Drivers/STM32F1xx_HAL_Driver/Src/stm32f1xx_hal_uart.c.obj
LOAD CMakeFiles/flower.dir/Core/Src/main.c.obj
LOAD CMakeFiles/flower.dir/Core/Src/gpio.c.obj
LOAD CMakeFiles/flower.dir/Core/Src/adc.c.obj
LOAD CMakeFiles/flower.dir/Core/Src/dma.c.obj
LOAD CMakeFiles/flower.dir/Core/Src/i2c.c.obj
LOAD CMakeFiles/flower.dir/Core/Src/tim.c.obj
LOAD CMakeFiles/flower.dir/Core/Src/usart.c.obj
LOAD CMakeFiles/flower.dir/Core/Src/stm32f1xx_it.c.obj
LOAD CMakeFiles/flower.dir/Core/Src/stm32f1xx_hal_msp.c.obj
LOAD CMakeFiles/flower.dir/Core/Src/sysmem.c.obj
LOAD CMakeFiles/flower.dir/Core/Src/syscalls.c.obj
LOAD CMakeFiles/flower.dir/startup_stm32f103xb.s.obj
LOAD CMakeFiles/flower.dir/src/flower.c.obj
LOAD CMakeFiles/flower.dir/src/driver_bh1750fvi_interface_template.c.obj
LOAD CMakeFiles/flower.dir/src/driver_bh1750fvi_basic.c.obj
LOAD CMakeFiles/flower.dir/components/bh1750fvi/src/driver_bh1750fvi.c.obj
LOAD CMakeFiles/flower.dir/components/Ring-Buffer/ringbuffer.c.obj
LOAD CMakeFiles/flower.dir/components/cJSON/cJSON.c.obj
LOAD CMakeFiles/flower.dir/components/cJSON/cJSON_Utils.c.obj
LOAD CMakeFiles/flower.dir/components/printf/printf.c.obj
LOAD C:/Users/ff/AppData/Local/stm32cube/bundles/gnu-tools-for-stm32/13.3.1+st.9/bin/../lib/gcc/arm-none-eabi/13.3.1/../../../../arm-none-eabi/lib/thumb/v7-m/nofp\libm.a
START GROUP
LOAD C:/Users/ff/AppData/Local/stm32cube/bundles/gnu-tools-for-stm32/13.3.1+st.9/bin/../lib/gcc/arm-none-eabi/13.3.1/thumb/v7-m/nofp\libgcc.a
LOAD C:/Users/ff/AppData/Local/stm32cube/bundles/gnu-tools-for-stm32/13.3.1+st.9/bin/../lib/gcc/arm-none-eabi/13.3.1/../../../../arm-none-eabi/lib/thumb/v7-m/nofp\libg_nano.a
LOAD C:/Users/ff/AppData/Local/stm32cube/bundles/gnu-tools-for-stm32/13.3.1+st.9/bin/../lib/gcc/arm-none-eabi/13.3.1/../../../../arm-none-eabi/lib/thumb/v7-m/nofp\libc_nano.a
END GROUP
START GROUP
LOAD C:/Users/ff/AppData/Local/stm32cube/bundles/gnu-tools-for-stm32/13.3.1+st.9/bin/../lib/gcc/arm-none-eabi/13.3.1/thumb/v7-m/nofp\libgcc.a
LOAD C:/Users/ff/AppData/Local/stm32cube/bundles/gnu-tools-for-stm32/13.3.1+st.9/bin/../lib/gcc/arm-none-eabi/13.3.1/../../../../arm-none-eabi/lib/thumb/v7-m/nofp\libc_nano.a
END GROUP
LOAD C:/Users/ff/AppData/Local/stm32cube/bundles/gnu-tools-for-stm32/13.3.1+st.9/bin/../lib/gcc/arm-none-eabi/13.3.1/thumb/v7-m/nofp/crtend.o
LOAD C:/Users/ff/AppData/Local/stm32cube/bundles/gnu-tools-for-stm32/13.3.1+st.9/bin/../lib/gcc/arm-none-eabi/13.3.1/thumb/v7-m/nofp/crtn.o
                0x20005000                        _estack = (ORIGIN (RAM) + LENGTH (RAM))
                0x00000200                        _Min_Heap_Size = 0x200
                0x00000400                        _Min_Stack_Size = 0x400

.isr_vector     0x08000000      0x10c
                0x08000000                        . = ALIGN (0x4)
 *(.isr_vector)
 .isr_vector    0x08000000      0x10c CMakeFiles/flower.dir/startup_stm32f103xb.s.obj
                0x08000000                g_pfnVectors
                0x0800010c                        . = ALIGN (0x4)

.text           0x0800010c     0x65f8
                0x0800010c                        . = ALIGN (0x4)
 *(.text)
 .text          0x0800010c       0x40 C:/Users/ff/AppData/Local/stm32cube/bundles/gnu-tools-for-stm32/13.3.1+st.9/bin/../lib/gcc/arm-none-eabi/13.3.1/thumb/v7-m/nofp/crtbegin.o
 .text          0x0800014c      0x21c C:/Users/ff/AppData/Local/stm32cube/bundles/gnu-tools-for-stm32/13.3.1+st.9/bin/../lib/gcc/arm-none-eabi/13.3.1/thumb/v7-m/nofp\libgcc.a(_arm_addsubsf3.o)
                0x0800014c                __aeabi_frsub
                0x08000154                __subsf3
                0x08000154                __aeabi_fsub
                0x08000158                __aeabi_fadd
                0x08000158                __addsf3
                0x080002b8                __aeabi_ui2f
                0x080002b8                __floatunsisf
                0x080002c0                __aeabi_i2f
                0x080002c0                __floatsisf
                0x080002dc                __aeabi_ul2f
                0x080002dc                __floatundisf
                0x080002ec                __aeabi_l2f
                0x080002ec                __floatdisf
 .text          0x08000368      0x2a0 C:/Users/ff/AppData/Local/stm32cube/bundles/gnu-tools-for-stm32/13.3.1+st.9/bin/../lib/gcc/arm-none-eabi/13.3.1/thumb/v7-m/nofp\libgcc.a(_arm_muldivsf3.o)
                0x08000368                __mulsf3
                0x08000368                __aeabi_fmul
                0x080004d0                __aeabi_fdiv
                0x080004d0                __divsf3
 *(.text*)
 .text.SystemInit
                0x08000608        0xc cmake/stm32cubemx/CMakeFiles/STM32_Drivers.dir/__/__/Core/Src/system_stm32f1xx.c.obj
                0x08000608                SystemInit
 .text.HAL_ADC_Init
                0x08000614      0x1b0 cmake/stm32cubemx/CMakeFiles/STM32_Drivers.dir/__/__/Drivers/STM32F1xx_HAL_Driver/Src/stm32f1xx_hal_adc.c.obj
                0x08000614                HAL_ADC_Init
 .text.HAL_ADC_Start_DMA
                0x080007c4      0x1bc cmake/stm32cubemx/CMakeFiles/STM32_Drivers.dir/__/__/Drivers/STM32F1xx_HAL_Driver/Src/stm32f1xx_hal_adc.c.obj
                0x080007c4                HAL_ADC_Start_DMA
 .text.HAL_ADC_ConvHalfCpltCallback
                0x08000980       0x12 cmake/stm32cubemx/CMakeFiles/STM32_Drivers.dir/__/__/Drivers/STM32F1xx_HAL_Driver/Src/stm32f1xx_hal_adc.c.obj
                0x08000980                HAL_ADC_ConvHalfCpltCallback
 .text.HAL_ADC_ErrorCallback
                0x08000992       0x12 cmake/stm32cubemx/CMakeFiles/STM32_Drivers.dir/__/__/Drivers/STM32F1xx_HAL_Driver/Src/stm32f1xx_hal_adc.c.obj
                0x08000992                HAL_ADC_ErrorCallback
 .text.HAL_ADC_ConfigChannel
                0x080009a4      0x1f0 cmake/stm32cubemx/CMakeFiles/STM32_Drivers.dir/__/__/Drivers/STM32F1xx_HAL_Driver/Src/stm32f1xx_hal_adc.c.obj
                0x080009a4                HAL_ADC_ConfigChannel
 .text.ADC_Enable
                0x08000b94       0xb4 cmake/stm32cubemx/CMakeFiles/STM32_Drivers.dir/__/__/Drivers/STM32F1xx_HAL_Driver/Src/stm32f1xx_hal_adc.c.obj
                0x08000b94                ADC_Enable
 .text.ADC_ConversionStop_Disable
                0x08000c48       0x82 cmake/stm32cubemx/CMakeFiles/STM32_Drivers.dir/__/__/Drivers/STM32F1xx_HAL_Driver/Src/stm32f1xx_hal_adc.c.obj
                0x08000c48                ADC_ConversionStop_Disable
 .text.ADC_DMAConvCplt
                0x08000cca       0x7c cmake/stm32cubemx/CMakeFiles/STM32_Drivers.dir/__/__/Drivers/STM32F1xx_HAL_Driver/Src/stm32f1xx_hal_adc.c.obj
                0x08000cca                ADC_DMAConvCplt
 .text.ADC_DMAHalfConvCplt
                0x08000d46       0x1c cmake/stm32cubemx/CMakeFiles/STM32_Drivers.dir/__/__/Drivers/STM32F1xx_HAL_Driver/Src/stm32f1xx_hal_adc.c.obj
                0x08000d46                ADC_DMAHalfConvCplt
 .text.ADC_DMAError
                0x08000d62       0x34 cmake/stm32cubemx/CMakeFiles/STM32_Drivers.dir/__/__/Drivers/STM32F1xx_HAL_Driver/Src/stm32f1xx_hal_adc.c.obj
                0x08000d62                ADC_DMAError
 *fill*         0x08000d96        0x2 
 .text.HAL_ADCEx_Calibration_Start
                0x08000d98      0x15c cmake/stm32cubemx/CMakeFiles/STM32_Drivers.dir/__/__/Drivers/STM32F1xx_HAL_Driver/Src/stm32f1xx_hal_adc_ex.c.obj
                0x08000d98                HAL_ADCEx_Calibration_Start
 .text.HAL_Init
                0x08000ef4       0x2c cmake/stm32cubemx/CMakeFiles/STM32_Drivers.dir/__/__/Drivers/STM32F1xx_HAL_Driver/Src/stm32f1xx_hal.c.obj
                0x08000ef4                HAL_Init
 .text.HAL_InitTick
                0x08000f20       0x60 cmake/stm32cubemx/CMakeFiles/STM32_Drivers.dir/__/__/Drivers/STM32F1xx_HAL_Driver/Src/stm32f1xx_hal.c.obj
                0x08000f20                HAL_InitTick
 .text.HAL_IncTick
                0x08000f80       0x24 cmake/stm32cubemx/CMakeFiles/STM32_Drivers.dir/__/__/Drivers/STM32F1xx_HAL_Driver/Src/stm32f1xx_hal.c.obj
                0x08000f80                HAL_IncTick
 .text.HAL_GetTick
                0x08000fa4       0x14 cmake/stm32cubemx/CMakeFiles/STM32_Drivers.dir/__/__/Drivers/STM32F1xx_HAL_Driver/Src/stm32f1xx_hal.c.obj
                0x08000fa4                HAL_GetTick
 .text.HAL_Delay
                0x08000fb8       0x48 cmake/stm32cubemx/CMakeFiles/STM32_Drivers.dir/__/__/Drivers/STM32F1xx_HAL_Driver/Src/stm32f1xx_hal.c.obj
                0x08000fb8                HAL_Delay
 .text.HAL_RCC_OscConfig
                0x08001000      0x504 cmake/stm32cubemx/CMakeFiles/STM32_Drivers.dir/__/__/Drivers/STM32F1xx_HAL_Driver/Src/stm32f1xx_hal_rcc.c.obj
                0x08001000                HAL_RCC_OscConfig
 .text.HAL_RCC_ClockConfig
                0x08001504      0x1d4 cmake/stm32cubemx/CMakeFiles/STM32_Drivers.dir/__/__/Drivers/STM32F1xx_HAL_Driver/Src/stm32f1xx_hal_rcc.c.obj
                0x08001504                HAL_RCC_ClockConfig
 .text.HAL_RCC_GetSysClockFreq
                0x080016d8       0xa8 cmake/stm32cubemx/CMakeFiles/STM32_Drivers.dir/__/__/Drivers/STM32F1xx_HAL_Driver/Src/stm32f1xx_hal_rcc.c.obj
                0x080016d8                HAL_RCC_GetSysClockFreq
 .text.HAL_RCC_GetHCLKFreq
                0x08001780       0x14 cmake/stm32cubemx/CMakeFiles/STM32_Drivers.dir/__/__/Drivers/STM32F1xx_HAL_Driver/Src/stm32f1xx_hal_rcc.c.obj
                0x08001780                HAL_RCC_GetHCLKFreq
 .text.HAL_RCC_GetPCLK1Freq
                0x08001794       0x28 cmake/stm32cubemx/CMakeFiles/STM32_Drivers.dir/__/__/Drivers/STM32F1xx_HAL_Driver/Src/stm32f1xx_hal_rcc.c.obj
                0x08001794                HAL_RCC_GetPCLK1Freq
 .text.HAL_RCC_GetPCLK2Freq
                0x080017bc       0x28 cmake/stm32cubemx/CMakeFiles/STM32_Drivers.dir/__/__/Drivers/STM32F1xx_HAL_Driver/Src/stm32f1xx_hal_rcc.c.obj
                0x080017bc                HAL_RCC_GetPCLK2Freq
 .text.RCC_Delay
                0x080017e4       0x3c cmake/stm32cubemx/CMakeFiles/STM32_Drivers.dir/__/__/Drivers/STM32F1xx_HAL_Driver/Src/stm32f1xx_hal_rcc.c.obj
 .text.HAL_RCCEx_PeriphCLKConfig
                0x08001820      0x16c cmake/stm32cubemx/CMakeFiles/STM32_Drivers.dir/__/__/Drivers/STM32F1xx_HAL_Driver/Src/stm32f1xx_hal_rcc_ex.c.obj
                0x08001820                HAL_RCCEx_PeriphCLKConfig
 .text.HAL_RCCEx_GetPeriphCLKFreq
                0x0800198c      0x16c cmake/stm32cubemx/CMakeFiles/STM32_Drivers.dir/__/__/Drivers/STM32F1xx_HAL_Driver/Src/stm32f1xx_hal_rcc_ex.c.obj
                0x0800198c                HAL_RCCEx_GetPeriphCLKFreq
 .text.HAL_GPIO_Init
                0x08001af8      0x308 cmake/stm32cubemx/CMakeFiles/STM32_Drivers.dir/__/__/Drivers/STM32F1xx_HAL_Driver/Src/stm32f1xx_hal_gpio.c.obj
                0x08001af8                HAL_GPIO_Init
 .text.HAL_GPIO_WritePin
                0x08001e00       0x30 cmake/stm32cubemx/CMakeFiles/STM32_Drivers.dir/__/__/Drivers/STM32F1xx_HAL_Driver/Src/stm32f1xx_hal_gpio.c.obj
                0x08001e00                HAL_GPIO_WritePin
 .text.HAL_DMA_Init
                0x08001e30       0xb4 cmake/stm32cubemx/CMakeFiles/STM32_Drivers.dir/__/__/Drivers/STM32F1xx_HAL_Driver/Src/stm32f1xx_hal_dma.c.obj
                0x08001e30                HAL_DMA_Init
 .text.HAL_DMA_Start_IT
                0x08001ee4       0xc0 cmake/stm32cubemx/CMakeFiles/STM32_Drivers.dir/__/__/Drivers/STM32F1xx_HAL_Driver/Src/stm32f1xx_hal_dma.c.obj
                0x08001ee4                HAL_DMA_Start_IT
 .text.HAL_DMA_IRQHandler
                0x08001fa4      0x20c cmake/stm32cubemx/CMakeFiles/STM32_Drivers.dir/__/__/Drivers/STM32F1xx_HAL_Driver/Src/stm32f1xx_hal_dma.c.obj
                0x08001fa4                HAL_DMA_IRQHandler
 .text.DMA_SetConfig
                0x080021b0       0x5a cmake/stm32cubemx/CMakeFiles/STM32_Drivers.dir/__/__/Drivers/STM32F1xx_HAL_Driver/Src/stm32f1xx_hal_dma.c.obj
 *fill*         0x0800220a        0x2 
 .text.__NVIC_SetPriorityGrouping
                0x0800220c       0x48 cmake/stm32cubemx/CMakeFiles/STM32_Drivers.dir/__/__/Drivers/STM32F1xx_HAL_Driver/Src/stm32f1xx_hal_cortex.c.obj
 .text.__NVIC_GetPriorityGrouping
                0x08002254       0x1c cmake/stm32cubemx/CMakeFiles/STM32_Drivers.dir/__/__/Drivers/STM32F1xx_HAL_Driver/Src/stm32f1xx_hal_cortex.c.obj
 .text.__NVIC_EnableIRQ
                0x08002270       0x38 cmake/stm32cubemx/CMakeFiles/STM32_Drivers.dir/__/__/Drivers/STM32F1xx_HAL_Driver/Src/stm32f1xx_hal_cortex.c.obj
 .text.__NVIC_SetPriority
                0x080022a8       0x54 cmake/stm32cubemx/CMakeFiles/STM32_Drivers.dir/__/__/Drivers/STM32F1xx_HAL_Driver/Src/stm32f1xx_hal_cortex.c.obj
 .text.NVIC_EncodePriority
                0x080022fc       0x64 cmake/stm32cubemx/CMakeFiles/STM32_Drivers.dir/__/__/Drivers/STM32F1xx_HAL_Driver/Src/stm32f1xx_hal_cortex.c.obj
 .text.SysTick_Config
                0x08002360       0x44 cmake/stm32cubemx/CMakeFiles/STM32_Drivers.dir/__/__/Drivers/STM32F1xx_HAL_Driver/Src/stm32f1xx_hal_cortex.c.obj
 .text.HAL_NVIC_SetPriorityGrouping
                0x080023a4       0x16 cmake/stm32cubemx/CMakeFiles/STM32_Drivers.dir/__/__/Drivers/STM32F1xx_HAL_Driver/Src/stm32f1xx_hal_cortex.c.obj
                0x080023a4                HAL_NVIC_SetPriorityGrouping
 .text.HAL_NVIC_SetPriority
                0x080023ba       0x38 cmake/stm32cubemx/CMakeFiles/STM32_Drivers.dir/__/__/Drivers/STM32F1xx_HAL_Driver/Src/stm32f1xx_hal_cortex.c.obj
                0x080023ba                HAL_NVIC_SetPriority
 .text.HAL_NVIC_EnableIRQ
                0x080023f2       0x1c cmake/stm32cubemx/CMakeFiles/STM32_Drivers.dir/__/__/Drivers/STM32F1xx_HAL_Driver/Src/stm32f1xx_hal_cortex.c.obj
                0x080023f2                HAL_NVIC_EnableIRQ
 .text.HAL_SYSTICK_Config
                0x0800240e       0x18 cmake/stm32cubemx/CMakeFiles/STM32_Drivers.dir/__/__/Drivers/STM32F1xx_HAL_Driver/Src/stm32f1xx_hal_cortex.c.obj
                0x0800240e                HAL_SYSTICK_Config
 *fill*         0x08002426        0x2 
 .text.HAL_I2C_Init
                0x08002428      0x288 cmake/stm32cubemx/CMakeFiles/STM32_Drivers.dir/__/__/Drivers/STM32F1xx_HAL_Driver/Src/stm32f1xx_hal_i2c.c.obj
                0x08002428                HAL_I2C_Init
 .text.HAL_I2C_Master_Transmit
                0x080026b0      0x1fc cmake/stm32cubemx/CMakeFiles/STM32_Drivers.dir/__/__/Drivers/STM32F1xx_HAL_Driver/Src/stm32f1xx_hal_i2c.c.obj
                0x080026b0                HAL_I2C_Master_Transmit
 .text.HAL_I2C_Master_Receive
                0x080028ac      0x4d8 cmake/stm32cubemx/CMakeFiles/STM32_Drivers.dir/__/__/Drivers/STM32F1xx_HAL_Driver/Src/stm32f1xx_hal_i2c.c.obj
                0x080028ac                HAL_I2C_Master_Receive
 .text.I2C_MasterRequestWrite
                0x08002d84      0x104 cmake/stm32cubemx/CMakeFiles/STM32_Drivers.dir/__/__/Drivers/STM32F1xx_HAL_Driver/Src/stm32f1xx_hal_i2c.c.obj
 .text.I2C_MasterRequestRead
                0x08002e88      0x19c cmake/stm32cubemx/CMakeFiles/STM32_Drivers.dir/__/__/Drivers/STM32F1xx_HAL_Driver/Src/stm32f1xx_hal_i2c.c.obj
 .text.I2C_WaitOnFlagUntilTimeout
                0x08003024       0xf4 cmake/stm32cubemx/CMakeFiles/STM32_Drivers.dir/__/__/Drivers/STM32F1xx_HAL_Driver/Src/stm32f1xx_hal_i2c.c.obj
 .text.I2C_WaitOnMasterAddressFlagUntilTimeout
                0x08003118      0x140 cmake/stm32cubemx/CMakeFiles/STM32_Drivers.dir/__/__/Drivers/STM32F1xx_HAL_Driver/Src/stm32f1xx_hal_i2c.c.obj
 .text.I2C_WaitOnTXEFlagUntilTimeout
                0x08003258       0x90 cmake/stm32cubemx/CMakeFiles/STM32_Drivers.dir/__/__/Drivers/STM32F1xx_HAL_Driver/Src/stm32f1xx_hal_i2c.c.obj
 .text.I2C_WaitOnBTFFlagUntilTimeout
                0x080032e8       0x90 cmake/stm32cubemx/CMakeFiles/STM32_Drivers.dir/__/__/Drivers/STM32F1xx_HAL_Driver/Src/stm32f1xx_hal_i2c.c.obj
 .text.I2C_WaitOnRXNEFlagUntilTimeout
                0x08003378       0xba cmake/stm32cubemx/CMakeFiles/STM32_Drivers.dir/__/__/Drivers/STM32F1xx_HAL_Driver/Src/stm32f1xx_hal_i2c.c.obj
 .text.I2C_IsAcknowledgeFailed
                0x08003432       0x5c cmake/stm32cubemx/CMakeFiles/STM32_Drivers.dir/__/__/Drivers/STM32F1xx_HAL_Driver/Src/stm32f1xx_hal_i2c.c.obj
 .text.HAL_TIM_Base_Init
                0x0800348e       0x9e cmake/stm32cubemx/CMakeFiles/STM32_Drivers.dir/__/__/Drivers/STM32F1xx_HAL_Driver/Src/stm32f1xx_hal_tim.c.obj
                0x0800348e                HAL_TIM_Base_Init
 .text.HAL_TIM_PWM_Init
                0x0800352c       0x9e cmake/stm32cubemx/CMakeFiles/STM32_Drivers.dir/__/__/Drivers/STM32F1xx_HAL_Driver/Src/stm32f1xx_hal_tim.c.obj
                0x0800352c                HAL_TIM_PWM_Init
 .text.HAL_TIM_PWM_MspInit
                0x080035ca       0x12 cmake/stm32cubemx/CMakeFiles/STM32_Drivers.dir/__/__/Drivers/STM32F1xx_HAL_Driver/Src/stm32f1xx_hal_tim.c.obj
                0x080035ca                HAL_TIM_PWM_MspInit
 .text.HAL_TIM_PWM_Start
                0x080035dc      0x144 cmake/stm32cubemx/CMakeFiles/STM32_Drivers.dir/__/__/Drivers/STM32F1xx_HAL_Driver/Src/stm32f1xx_hal_tim.c.obj
                0x080035dc                HAL_TIM_PWM_Start
 .text.HAL_TIM_PWM_ConfigChannel
                0x08003720      0x184 cmake/stm32cubemx/CMakeFiles/STM32_Drivers.dir/__/__/Drivers/STM32F1xx_HAL_Driver/Src/stm32f1xx_hal_tim.c.obj
                0x08003720                HAL_TIM_PWM_ConfigChannel
 .text.HAL_TIM_ConfigClockSource
                0x080038a4      0x18e cmake/stm32cubemx/CMakeFiles/STM32_Drivers.dir/__/__/Drivers/STM32F1xx_HAL_Driver/Src/stm32f1xx_hal_tim.c.obj
                0x080038a4                HAL_TIM_ConfigClockSource
 *fill*         0x08003a32        0x2 
 .text.TIM_Base_SetConfig
                0x08003a34       0xdc cmake/stm32cubemx/CMakeFiles/STM32_Drivers.dir/__/__/Drivers/STM32F1xx_HAL_Driver/Src/stm32f1xx_hal_tim.c.obj
                0x08003a34                TIM_Base_SetConfig
 .text.TIM_OC1_SetConfig
                0x08003b10       0xcc cmake/stm32cubemx/CMakeFiles/STM32_Drivers.dir/__/__/Drivers/STM32F1xx_HAL_Driver/Src/stm32f1xx_hal_tim.c.obj
 .text.TIM_OC2_SetConfig
                0x08003bdc       0xd4 cmake/stm32cubemx/CMakeFiles/STM32_Drivers.dir/__/__/Drivers/STM32F1xx_HAL_Driver/Src/stm32f1xx_hal_tim.c.obj
                0x08003bdc                TIM_OC2_SetConfig
 .text.TIM_OC3_SetConfig
                0x08003cb0       0xd4 cmake/stm32cubemx/CMakeFiles/STM32_Drivers.dir/__/__/Drivers/STM32F1xx_HAL_Driver/Src/stm32f1xx_hal_tim.c.obj
 .text.TIM_OC4_SetConfig
                0x08003d84       0x9c cmake/stm32cubemx/CMakeFiles/STM32_Drivers.dir/__/__/Drivers/STM32F1xx_HAL_Driver/Src/stm32f1xx_hal_tim.c.obj
 .text.TIM_TI1_ConfigInputStage
                0x08003e20       0x5c cmake/stm32cubemx/CMakeFiles/STM32_Drivers.dir/__/__/Drivers/STM32F1xx_HAL_Driver/Src/stm32f1xx_hal_tim.c.obj
 .text.TIM_TI2_ConfigInputStage
                0x08003e7c       0x5e cmake/stm32cubemx/CMakeFiles/STM32_Drivers.dir/__/__/Drivers/STM32F1xx_HAL_Driver/Src/stm32f1xx_hal_tim.c.obj
 .text.TIM_ITRx_SetConfig
                0x08003eda       0x34 cmake/stm32cubemx/CMakeFiles/STM32_Drivers.dir/__/__/Drivers/STM32F1xx_HAL_Driver/Src/stm32f1xx_hal_tim.c.obj
 .text.TIM_ETR_SetConfig
                0x08003f0e       0x3e cmake/stm32cubemx/CMakeFiles/STM32_Drivers.dir/__/__/Drivers/STM32F1xx_HAL_Driver/Src/stm32f1xx_hal_tim.c.obj
                0x08003f0e                TIM_ETR_SetConfig
 .text.TIM_CCxChannelCmd
                0x08003f4c       0x48 cmake/stm32cubemx/CMakeFiles/STM32_Drivers.dir/__/__/Drivers/STM32F1xx_HAL_Driver/Src/stm32f1xx_hal_tim.c.obj
                0x08003f4c                TIM_CCxChannelCmd
 .text.HAL_TIMEx_MasterConfigSynchronization
                0x08003f94       0xbc cmake/stm32cubemx/CMakeFiles/STM32_Drivers.dir/__/__/Drivers/STM32F1xx_HAL_Driver/Src/stm32f1xx_hal_tim_ex.c.obj
                0x08003f94                HAL_TIMEx_MasterConfigSynchronization
 .text.HAL_TIMEx_ConfigBreakDeadTime
                0x08004050       0xa2 cmake/stm32cubemx/CMakeFiles/STM32_Drivers.dir/__/__/Drivers/STM32F1xx_HAL_Driver/Src/stm32f1xx_hal_tim_ex.c.obj
                0x08004050                HAL_TIMEx_ConfigBreakDeadTime
 .text.HAL_UART_Init
                0x080040f2       0xa0 cmake/stm32cubemx/CMakeFiles/STM32_Drivers.dir/__/__/Drivers/STM32F1xx_HAL_Driver/Src/stm32f1xx_hal_uart.c.obj
                0x080040f2                HAL_UART_Init
 *fill*         0x08004192        0x2 
 .text.UART_SetConfig
                0x08004194      0x11c cmake/stm32cubemx/CMakeFiles/STM32_Drivers.dir/__/__/Drivers/STM32F1xx_HAL_Driver/Src/stm32f1xx_hal_uart.c.obj
 .text.main     0x080042b0       0x32 CMakeFiles/flower.dir/Core/Src/main.c.obj
                0x080042b0                main
 .text.SystemClock_Config
                0x080042e2       0xb6 CMakeFiles/flower.dir/Core/Src/main.c.obj
                0x080042e2                SystemClock_Config
 .text.Error_Handler
                0x08004398        0xc CMakeFiles/flower.dir/Core/Src/main.c.obj
                0x08004398                Error_Handler
 .text.MX_GPIO_Init
                0x080043a4       0x98 CMakeFiles/flower.dir/Core/Src/gpio.c.obj
                0x080043a4                MX_GPIO_Init
 .text.MX_ADC1_Init
                0x0800443c       0x7c CMakeFiles/flower.dir/Core/Src/adc.c.obj
                0x0800443c                MX_ADC1_Init
 .text.HAL_ADC_MspInit
                0x080044b8       0xd0 CMakeFiles/flower.dir/Core/Src/adc.c.obj
                0x080044b8                HAL_ADC_MspInit
 .text.MX_DMA_Init
                0x08004588       0x3c CMakeFiles/flower.dir/Core/Src/dma.c.obj
                0x08004588                MX_DMA_Init
 .text.MX_I2C1_Init
                0x080045c4       0x5c CMakeFiles/flower.dir/Core/Src/i2c.c.obj
                0x080045c4                MX_I2C1_Init
 .text.HAL_I2C_MspInit
                0x08004620       0x7c CMakeFiles/flower.dir/Core/Src/i2c.c.obj
                0x08004620                HAL_I2C_MspInit
 .text.MX_TIM1_Init
                0x0800469c      0x140 CMakeFiles/flower.dir/Core/Src/tim.c.obj
                0x0800469c                MX_TIM1_Init
 .text.HAL_TIM_Base_MspInit
                0x080047dc       0x3c CMakeFiles/flower.dir/Core/Src/tim.c.obj
                0x080047dc                HAL_TIM_Base_MspInit
 .text.HAL_TIM_MspPostInit
                0x08004818       0x68 CMakeFiles/flower.dir/Core/Src/tim.c.obj
                0x08004818                HAL_TIM_MspPostInit
 .text.MX_USART1_UART_Init
                0x08004880       0x54 CMakeFiles/flower.dir/Core/Src/usart.c.obj
                0x08004880                MX_USART1_UART_Init
 .text.MX_USART2_UART_Init
                0x080048d4       0x54 CMakeFiles/flower.dir/Core/Src/usart.c.obj
                0x080048d4                MX_USART2_UART_Init
 .text.HAL_UART_MspInit
                0x08004928      0x108 CMakeFiles/flower.dir/Core/Src/usart.c.obj
                0x08004928                HAL_UART_MspInit
 .text.NMI_Handler
                0x08004a30        0x8 CMakeFiles/flower.dir/Core/Src/stm32f1xx_it.c.obj
                0x08004a30                NMI_Handler
 .text.HardFault_Handler
                0x08004a38        0x8 CMakeFiles/flower.dir/Core/Src/stm32f1xx_it.c.obj
                0x08004a38                HardFault_Handler
 .text.MemManage_Handler
                0x08004a40        0x8 CMakeFiles/flower.dir/Core/Src/stm32f1xx_it.c.obj
                0x08004a40                MemManage_Handler
 .text.BusFault_Handler
                0x08004a48        0x8 CMakeFiles/flower.dir/Core/Src/stm32f1xx_it.c.obj
                0x08004a48                BusFault_Handler
 .text.UsageFault_Handler
                0x08004a50        0x8 CMakeFiles/flower.dir/Core/Src/stm32f1xx_it.c.obj
                0x08004a50                UsageFault_Handler
 .text.SVC_Handler
                0x08004a58        0xc CMakeFiles/flower.dir/Core/Src/stm32f1xx_it.c.obj
                0x08004a58                SVC_Handler
 .text.DebugMon_Handler
                0x08004a64        0xc CMakeFiles/flower.dir/Core/Src/stm32f1xx_it.c.obj
                0x08004a64                DebugMon_Handler
 .text.PendSV_Handler
                0x08004a70        0xc CMakeFiles/flower.dir/Core/Src/stm32f1xx_it.c.obj
                0x08004a70                PendSV_Handler
 .text.SysTick_Handler
                0x08004a7c        0xc CMakeFiles/flower.dir/Core/Src/stm32f1xx_it.c.obj
                0x08004a7c                SysTick_Handler
 .text.DMA1_Channel1_IRQHandler
                0x08004a88       0x14 CMakeFiles/flower.dir/Core/Src/stm32f1xx_it.c.obj
                0x08004a88                DMA1_Channel1_IRQHandler
 .text.HAL_MspInit
                0x08004a9c       0x64 CMakeFiles/flower.dir/Core/Src/stm32f1xx_hal_msp.c.obj
                0x08004a9c                HAL_MspInit
 .text._sbrk    0x08004b00       0x6c CMakeFiles/flower.dir/Core/Src/sysmem.c.obj
                0x08004b00                _sbrk
 .text._getpid  0x08004b6c        0xe CMakeFiles/flower.dir/Core/Src/syscalls.c.obj
                0x08004b6c                _getpid
 .text._kill    0x08004b7a       0x20 CMakeFiles/flower.dir/Core/Src/syscalls.c.obj
                0x08004b7a                _kill
 .text._exit    0x08004b9a       0x16 CMakeFiles/flower.dir/Core/Src/syscalls.c.obj
                0x08004b9a                _exit
 .text._read    0x08004bb0       0x3a CMakeFiles/flower.dir/Core/Src/syscalls.c.obj
                0x08004bb0                _read
 .text._write   0x08004bea       0x38 CMakeFiles/flower.dir/Core/Src/syscalls.c.obj
                0x08004bea                _write
 .text._close   0x08004c22       0x16 CMakeFiles/flower.dir/Core/Src/syscalls.c.obj
                0x08004c22                _close
 .text._fstat   0x08004c38       0x1e CMakeFiles/flower.dir/Core/Src/syscalls.c.obj
                0x08004c38                _fstat
 .text._isatty  0x08004c56       0x14 CMakeFiles/flower.dir/Core/Src/syscalls.c.obj
                0x08004c56                _isatty
 .text._lseek   0x08004c6a       0x18 CMakeFiles/flower.dir/Core/Src/syscalls.c.obj
                0x08004c6a                _lseek
 *fill*         0x08004c82        0x2 
 .text.Reset_Handler
                0x08004c84       0x48 CMakeFiles/flower.dir/startup_stm32f103xb.s.obj
                0x08004c84                Reset_Handler
 .text.Default_Handler
                0x08004ccc        0x2 CMakeFiles/flower.dir/startup_stm32f103xb.s.obj
                0x08004ccc                RTC_Alarm_IRQHandler
                0x08004ccc                EXTI2_IRQHandler
                0x08004ccc                TIM1_CC_IRQHandler
                0x08004ccc                PVD_IRQHandler
                0x08004ccc                EXTI3_IRQHandler
                0x08004ccc                EXTI0_IRQHandler
                0x08004ccc                I2C2_EV_IRQHandler
                0x08004ccc                ADC1_2_IRQHandler
                0x08004ccc                SPI1_IRQHandler
                0x08004ccc                TAMPER_IRQHandler
                0x08004ccc                DMA1_Channel4_IRQHandler
                0x08004ccc                USART3_IRQHandler
                0x08004ccc                RTC_IRQHandler
                0x08004ccc                DMA1_Channel7_IRQHandler
                0x08004ccc                CAN1_RX1_IRQHandler
                0x08004ccc                TIM4_IRQHandler
                0x08004ccc                I2C1_EV_IRQHandler
                0x08004ccc                DMA1_Channel6_IRQHandler
                0x08004ccc                TIM3_IRQHandler
                0x08004ccc                RCC_IRQHandler
                0x08004ccc                TIM1_TRG_COM_IRQHandler
                0x08004ccc                Default_Handler
                0x08004ccc                EXTI15_10_IRQHandler
                0x08004ccc                EXTI9_5_IRQHandler
                0x08004ccc                SPI2_IRQHandler
                0x08004ccc                DMA1_Channel5_IRQHandler
                0x08004ccc                EXTI4_IRQHandler
                0x08004ccc                USB_LP_CAN1_RX0_IRQHandler
                0x08004ccc                USB_HP_CAN1_TX_IRQHandler
                0x08004ccc                DMA1_Channel3_IRQHandler
                0x08004ccc                TIM1_UP_IRQHandler
                0x08004ccc                WWDG_IRQHandler
                0x08004ccc                TIM2_IRQHandler
                0x08004ccc                TIM1_BRK_IRQHandler
                0x08004ccc                EXTI1_IRQHandler
                0x08004ccc                USART2_IRQHandler
                0x08004ccc                I2C2_ER_IRQHandler
                0x08004ccc                DMA1_Channel2_IRQHandler
                0x08004ccc                CAN1_SCE_IRQHandler
                0x08004ccc                FLASH_IRQHandler
                0x08004ccc                USART1_IRQHandler
                0x08004ccc                I2C1_ER_IRQHandler
                0x08004ccc                USBWakeUp_IRQHandler
 *fill*         0x08004cce        0x2 
 .text.HAL_ADC_ConvCpltCallback
                0x08004cd0       0x38 CMakeFiles/flower.dir/src/flower.c.obj
                0x08004cd0                HAL_ADC_ConvCpltCallback
 .text.get_mc_val
                0x08004d08       0x68 CMakeFiles/flower.dir/src/flower.c.obj
 .text.init     0x08004d70       0x58 CMakeFiles/flower.dir/src/flower.c.obj
                0x08004d70                init
 .text.loop     0x08004dc8       0x2c CMakeFiles/flower.dir/src/flower.c.obj
                0x08004dc8                loop
 .text.bh1750fvi_interface_iic_init
                0x08004df4        0xe CMakeFiles/flower.dir/src/driver_bh1750fvi_interface_template.c.obj
                0x08004df4                bh1750fvi_interface_iic_init
 .text.bh1750fvi_interface_iic_deinit
                0x08004e02        0xe CMakeFiles/flower.dir/src/driver_bh1750fvi_interface_template.c.obj
                0x08004e02                bh1750fvi_interface_iic_deinit
 .text.bh1750fvi_interface_iic_write_cmd
                0x08004e10       0x40 CMakeFiles/flower.dir/src/driver_bh1750fvi_interface_template.c.obj
                0x08004e10                bh1750fvi_interface_iic_write_cmd
 .text.bh1750fvi_interface_iic_read_cmd
                0x08004e50       0x40 CMakeFiles/flower.dir/src/driver_bh1750fvi_interface_template.c.obj
                0x08004e50                bh1750fvi_interface_iic_read_cmd
 .text.bh1750fvi_interface_delay_ms
                0x08004e90       0x16 CMakeFiles/flower.dir/src/driver_bh1750fvi_interface_template.c.obj
                0x08004e90                bh1750fvi_interface_delay_ms
 .text.bh1750fvi_interface_debug_print
                0x08004ea6       0x10 CMakeFiles/flower.dir/src/driver_bh1750fvi_interface_template.c.obj
                0x08004ea6                bh1750fvi_interface_debug_print
 *fill*         0x08004eb6        0x2 
 .text.bh1750fvi_basic_init
                0x08004eb8      0x134 CMakeFiles/flower.dir/src/driver_bh1750fvi_basic.c.obj
                0x08004eb8                bh1750fvi_basic_init
 .text.bh1750fvi_basic_read
                0x08004fec       0x34 CMakeFiles/flower.dir/src/driver_bh1750fvi_basic.c.obj
                0x08004fec                bh1750fvi_basic_read
 .text.a_bh1750fvi_iic_read
                0x08005020       0x30 CMakeFiles/flower.dir/components/bh1750fvi/src/driver_bh1750fvi.c.obj
 .text.a_bh1750fvi_iic_write
                0x08005050       0x30 CMakeFiles/flower.dir/components/bh1750fvi/src/driver_bh1750fvi.c.obj
 .text.bh1750fvi_set_addr_pin
                0x08005080       0x28 CMakeFiles/flower.dir/components/bh1750fvi/src/driver_bh1750fvi.c.obj
                0x08005080                bh1750fvi_set_addr_pin
 .text.bh1750fvi_set_mode
                0x080050a8       0x34 CMakeFiles/flower.dir/components/bh1750fvi/src/driver_bh1750fvi.c.obj
                0x080050a8                bh1750fvi_set_mode
 .text.bh1750fvi_init
                0x080050dc      0x1a0 CMakeFiles/flower.dir/components/bh1750fvi/src/driver_bh1750fvi.c.obj
                0x080050dc                bh1750fvi_init
 .text.bh1750fvi_deinit
                0x0800527c       0x7c CMakeFiles/flower.dir/components/bh1750fvi/src/driver_bh1750fvi.c.obj
                0x0800527c                bh1750fvi_deinit
 .text.bh1750fvi_power_on
                0x080052f8       0x54 CMakeFiles/flower.dir/components/bh1750fvi/src/driver_bh1750fvi.c.obj
                0x080052f8                bh1750fvi_power_on
 .text.bh1750fvi_set_measurement_time
                0x0800534c       0xc0 CMakeFiles/flower.dir/components/bh1750fvi/src/driver_bh1750fvi.c.obj
                0x0800534c                bh1750fvi_set_measurement_time
 .text.bh1750fvi_continuous_read
                0x0800540c      0x14c CMakeFiles/flower.dir/components/bh1750fvi/src/driver_bh1750fvi.c.obj
                0x0800540c                bh1750fvi_continuous_read
 .text.bh1750fvi_start_continuous_read
                0x08005558       0x8c CMakeFiles/flower.dir/components/bh1750fvi/src/driver_bh1750fvi.c.obj
                0x08005558                bh1750fvi_start_continuous_read
 .text.ring_buffer_is_empty
                0x080055e4       0x24 CMakeFiles/flower.dir/components/Ring-Buffer/ringbuffer.c.obj
                0x080055e4                ring_buffer_is_empty
 .text.ring_buffer_is_full
                0x08005608       0x30 CMakeFiles/flower.dir/components/Ring-Buffer/ringbuffer.c.obj
                0x08005608                ring_buffer_is_full
 .text.ring_buffer_init
                0x08005638       0x54 CMakeFiles/flower.dir/components/Ring-Buffer/ringbuffer.c.obj
                0x08005638                ring_buffer_init
 .text.ring_buffer_queue
                0x0800568c       0x4e CMakeFiles/flower.dir/components/Ring-Buffer/ringbuffer.c.obj
                0x0800568c                ring_buffer_queue
 .text.ring_buffer_queue_arr
                0x080056da       0x3a CMakeFiles/flower.dir/components/Ring-Buffer/ringbuffer.c.obj
                0x080056da                ring_buffer_queue_arr
 .text.ring_buffer_dequeue
                0x08005714       0x44 CMakeFiles/flower.dir/components/Ring-Buffer/ringbuffer.c.obj
                0x08005714                ring_buffer_dequeue
 .text.ring_buffer_dequeue_arr
                0x08005758       0x52 CMakeFiles/flower.dir/components/Ring-Buffer/ringbuffer.c.obj
                0x08005758                ring_buffer_dequeue_arr
 *fill*         0x080057aa        0x2 
 .text.__assert_func
                0x080057ac       0x3c C:/Users/ff/AppData/Local/stm32cube/bundles/gnu-tools-for-stm32/13.3.1+st.9/bin/../lib/gcc/arm-none-eabi/13.3.1/../../../../arm-none-eabi/lib/thumb/v7-m/nofp\libg_nano.a(libc_a-assert.o)
                0x080057ac                __assert_func
 .text.sbrk_aligned
                0x080057e8       0x44 C:/Users/ff/AppData/Local/stm32cube/bundles/gnu-tools-for-stm32/13.3.1+st.9/bin/../lib/gcc/arm-none-eabi/13.3.1/../../../../arm-none-eabi/lib/thumb/v7-m/nofp\libg_nano.a(libc_a-mallocr.o)
 .text._malloc_r
                0x0800582c      0x100 C:/Users/ff/AppData/Local/stm32cube/bundles/gnu-tools-for-stm32/13.3.1+st.9/bin/../lib/gcc/arm-none-eabi/13.3.1/../../../../arm-none-eabi/lib/thumb/v7-m/nofp\libg_nano.a(libc_a-mallocr.o)
                0x0800582c                _malloc_r
 .text.__malloc_lock
                0x0800592c        0xc C:/Users/ff/AppData/Local/stm32cube/bundles/gnu-tools-for-stm32/13.3.1+st.9/bin/../lib/gcc/arm-none-eabi/13.3.1/../../../../arm-none-eabi/lib/thumb/v7-m/nofp\libg_nano.a(libc_a-mlock.o)
                0x0800592c                __malloc_lock
 .text.__malloc_unlock
                0x08005938        0xc C:/Users/ff/AppData/Local/stm32cube/bundles/gnu-tools-for-stm32/13.3.1+st.9/bin/../lib/gcc/arm-none-eabi/13.3.1/../../../../arm-none-eabi/lib/thumb/v7-m/nofp\libg_nano.a(libc_a-mlock.o)
                0x08005938                __malloc_unlock
 .text.std      0x08005944       0x6c C:/Users/ff/AppData/Local/stm32cube/bundles/gnu-tools-for-stm32/13.3.1+st.9/bin/../lib/gcc/arm-none-eabi/13.3.1/../../../../arm-none-eabi/lib/thumb/v7-m/nofp\libg_nano.a(libc_a-findfp.o)
 .text.stdio_exit_handler
                0x080059b0       0x18 C:/Users/ff/AppData/Local/stm32cube/bundles/gnu-tools-for-stm32/13.3.1+st.9/bin/../lib/gcc/arm-none-eabi/13.3.1/../../../../arm-none-eabi/lib/thumb/v7-m/nofp\libg_nano.a(libc_a-findfp.o)
 .text.cleanup_stdio
                0x080059c8       0x40 C:/Users/ff/AppData/Local/stm32cube/bundles/gnu-tools-for-stm32/13.3.1+st.9/bin/../lib/gcc/arm-none-eabi/13.3.1/../../../../arm-none-eabi/lib/thumb/v7-m/nofp\libg_nano.a(libc_a-findfp.o)
 .text.global_stdio_init.part.0
                0x08005a08       0x3c C:/Users/ff/AppData/Local/stm32cube/bundles/gnu-tools-for-stm32/13.3.1+st.9/bin/../lib/gcc/arm-none-eabi/13.3.1/../../../../arm-none-eabi/lib/thumb/v7-m/nofp\libg_nano.a(libc_a-findfp.o)
 .text.__sfp_lock_acquire
                0x08005a44        0xc C:/Users/ff/AppData/Local/stm32cube/bundles/gnu-tools-for-stm32/13.3.1+st.9/bin/../lib/gcc/arm-none-eabi/13.3.1/../../../../arm-none-eabi/lib/thumb/v7-m/nofp\libg_nano.a(libc_a-findfp.o)
                0x08005a44                __sfp_lock_acquire
 .text.__sfp_lock_release
                0x08005a50        0xc C:/Users/ff/AppData/Local/stm32cube/bundles/gnu-tools-for-stm32/13.3.1+st.9/bin/../lib/gcc/arm-none-eabi/13.3.1/../../../../arm-none-eabi/lib/thumb/v7-m/nofp\libg_nano.a(libc_a-findfp.o)
                0x08005a50                __sfp_lock_release
 .text.__sinit  0x08005a5c       0x30 C:/Users/ff/AppData/Local/stm32cube/bundles/gnu-tools-for-stm32/13.3.1+st.9/bin/../lib/gcc/arm-none-eabi/13.3.1/../../../../arm-none-eabi/lib/thumb/v7-m/nofp\libg_nano.a(libc_a-findfp.o)
                0x08005a5c                __sinit
 .text.fprintf  0x08005a8c       0x24 C:/Users/ff/AppData/Local/stm32cube/bundles/gnu-tools-for-stm32/13.3.1+st.9/bin/../lib/gcc/arm-none-eabi/13.3.1/../../../../arm-none-eabi/lib/thumb/v7-m/nofp\libg_nano.a(libc_a-fprintf.o)
                0x08005a8c                fiprintf
                0x08005a8c                fprintf
 .text._fwalk_sglue
                0x08005ab0       0x3c C:/Users/ff/AppData/Local/stm32cube/bundles/gnu-tools-for-stm32/13.3.1+st.9/bin/../lib/gcc/arm-none-eabi/13.3.1/../../../../arm-none-eabi/lib/thumb/v7-m/nofp\libg_nano.a(libc_a-fwalk.o)
                0x08005ab0                _fwalk_sglue
 .text.__sread  0x08005aec       0x22 C:/Users/ff/AppData/Local/stm32cube/bundles/gnu-tools-for-stm32/13.3.1+st.9/bin/../lib/gcc/arm-none-eabi/13.3.1/../../../../arm-none-eabi/lib/thumb/v7-m/nofp\libg_nano.a(libc_a-stdio.o)
                0x08005aec                __sread
 .text.__swrite
                0x08005b0e       0x38 C:/Users/ff/AppData/Local/stm32cube/bundles/gnu-tools-for-stm32/13.3.1+st.9/bin/../lib/gcc/arm-none-eabi/13.3.1/../../../../arm-none-eabi/lib/thumb/v7-m/nofp\libg_nano.a(libc_a-stdio.o)
                0x08005b0e                __swrite
 .text.__sseek  0x08005b46       0x24 C:/Users/ff/AppData/Local/stm32cube/bundles/gnu-tools-for-stm32/13.3.1+st.9/bin/../lib/gcc/arm-none-eabi/13.3.1/../../../../arm-none-eabi/lib/thumb/v7-m/nofp\libg_nano.a(libc_a-stdio.o)
                0x08005b46                __sseek
 .text.__sclose
                0x08005b6a        0x8 C:/Users/ff/AppData/Local/stm32cube/bundles/gnu-tools-for-stm32/13.3.1+st.9/bin/../lib/gcc/arm-none-eabi/13.3.1/../../../../arm-none-eabi/lib/thumb/v7-m/nofp\libg_nano.a(libc_a-stdio.o)
                0x08005b6a                __sclose
 .text.memset   0x08005b72       0x10 C:/Users/ff/AppData/Local/stm32cube/bundles/gnu-tools-for-stm32/13.3.1+st.9/bin/../lib/gcc/arm-none-eabi/13.3.1/../../../../arm-none-eabi/lib/thumb/v7-m/nofp\libg_nano.a(libc_a-memset.o)
                0x08005b72                memset
 *fill*         0x08005b82        0x2 
 .text._close_r
                0x08005b84       0x20 C:/Users/ff/AppData/Local/stm32cube/bundles/gnu-tools-for-stm32/13.3.1+st.9/bin/../lib/gcc/arm-none-eabi/13.3.1/../../../../arm-none-eabi/lib/thumb/v7-m/nofp\libg_nano.a(libc_a-closer.o)
                0x08005b84                _close_r
 .text._lseek_r
                0x08005ba4       0x24 C:/Users/ff/AppData/Local/stm32cube/bundles/gnu-tools-for-stm32/13.3.1+st.9/bin/../lib/gcc/arm-none-eabi/13.3.1/../../../../arm-none-eabi/lib/thumb/v7-m/nofp\libg_nano.a(libc_a-lseekr.o)
                0x08005ba4                _lseek_r
 .text._read_r  0x08005bc8       0x24 C:/Users/ff/AppData/Local/stm32cube/bundles/gnu-tools-for-stm32/13.3.1+st.9/bin/../lib/gcc/arm-none-eabi/13.3.1/../../../../arm-none-eabi/lib/thumb/v7-m/nofp\libg_nano.a(libc_a-readr.o)
                0x08005bc8                _read_r
 .text._sbrk_r  0x08005bec       0x20 C:/Users/ff/AppData/Local/stm32cube/bundles/gnu-tools-for-stm32/13.3.1+st.9/bin/../lib/gcc/arm-none-eabi/13.3.1/../../../../arm-none-eabi/lib/thumb/v7-m/nofp\libg_nano.a(libc_a-sbrkr.o)
                0x08005bec                _sbrk_r
 .text._write_r
                0x08005c0c       0x24 C:/Users/ff/AppData/Local/stm32cube/bundles/gnu-tools-for-stm32/13.3.1+st.9/bin/../lib/gcc/arm-none-eabi/13.3.1/../../../../arm-none-eabi/lib/thumb/v7-m/nofp\libg_nano.a(libc_a-writer.o)
                0x08005c0c                _write_r
 .text.__errno  0x08005c30        0xc C:/Users/ff/AppData/Local/stm32cube/bundles/gnu-tools-for-stm32/13.3.1+st.9/bin/../lib/gcc/arm-none-eabi/13.3.1/../../../../arm-none-eabi/lib/thumb/v7-m/nofp\libg_nano.a(libc_a-errno.o)
                0x08005c30                __errno
 .text.__libc_init_array
                0x08005c3c       0x48 C:/Users/ff/AppData/Local/stm32cube/bundles/gnu-tools-for-stm32/13.3.1+st.9/bin/../lib/gcc/arm-none-eabi/13.3.1/../../../../arm-none-eabi/lib/thumb/v7-m/nofp\libg_nano.a(libc_a-init.o)
                0x08005c3c                __libc_init_array
 .text.__retarget_lock_init_recursive
                0x08005c84        0x2 C:/Users/ff/AppData/Local/stm32cube/bundles/gnu-tools-for-stm32/13.3.1+st.9/bin/../lib/gcc/arm-none-eabi/13.3.1/../../../../arm-none-eabi/lib/thumb/v7-m/nofp\libg_nano.a(libc_a-lock.o)
                0x08005c84                __retarget_lock_init_recursive
 .text.__retarget_lock_acquire_recursive
                0x08005c86        0x2 C:/Users/ff/AppData/Local/stm32cube/bundles/gnu-tools-for-stm32/13.3.1+st.9/bin/../lib/gcc/arm-none-eabi/13.3.1/../../../../arm-none-eabi/lib/thumb/v7-m/nofp\libg_nano.a(libc_a-lock.o)
                0x08005c86                __retarget_lock_acquire_recursive
 .text.__retarget_lock_release_recursive
                0x08005c88        0x2 C:/Users/ff/AppData/Local/stm32cube/bundles/gnu-tools-for-stm32/13.3.1+st.9/bin/../lib/gcc/arm-none-eabi/13.3.1/../../../../arm-none-eabi/lib/thumb/v7-m/nofp\libg_nano.a(libc_a-lock.o)
                0x08005c88                __retarget_lock_release_recursive
 .text.abort    0x08005c8a        0xe C:/Users/ff/AppData/Local/stm32cube/bundles/gnu-tools-for-stm32/13.3.1+st.9/bin/../lib/gcc/arm-none-eabi/13.3.1/../../../../arm-none-eabi/lib/thumb/v7-m/nofp\libg_nano.a(libc_a-abort.o)
                0x08005c8a                abort
 .text._free_r  0x08005c98       0x90 C:/Users/ff/AppData/Local/stm32cube/bundles/gnu-tools-for-stm32/13.3.1+st.9/bin/../lib/gcc/arm-none-eabi/13.3.1/../../../../arm-none-eabi/lib/thumb/v7-m/nofp\libg_nano.a(libc_a-freer.o)
                0x08005c98                _free_r
 .text.__sfputc_r
                0x08005d28       0x2a C:/Users/ff/AppData/Local/stm32cube/bundles/gnu-tools-for-stm32/13.3.1+st.9/bin/../lib/gcc/arm-none-eabi/13.3.1/../../../../arm-none-eabi/lib/thumb/v7-m/nofp\libg_nano.a(libc_a-nano-vfprintf.o)
 .text.__sfputs_r
                0x08005d52       0x24 C:/Users/ff/AppData/Local/stm32cube/bundles/gnu-tools-for-stm32/13.3.1+st.9/bin/../lib/gcc/arm-none-eabi/13.3.1/../../../../arm-none-eabi/lib/thumb/v7-m/nofp\libg_nano.a(libc_a-nano-vfprintf.o)
                0x08005d52                __sfputs_r
 *fill*         0x08005d76        0x2 
 .text._vfprintf_r
                0x08005d78      0x230 C:/Users/ff/AppData/Local/stm32cube/bundles/gnu-tools-for-stm32/13.3.1+st.9/bin/../lib/gcc/arm-none-eabi/13.3.1/../../../../arm-none-eabi/lib/thumb/v7-m/nofp\libg_nano.a(libc_a-nano-vfprintf.o)
                0x08005d78                _vfprintf_r
                0x08005d78                _vfiprintf_r
 .text._printf_common
                0x08005fa8       0xe4 C:/Users/ff/AppData/Local/stm32cube/bundles/gnu-tools-for-stm32/13.3.1+st.9/bin/../lib/gcc/arm-none-eabi/13.3.1/../../../../arm-none-eabi/lib/thumb/v7-m/nofp\libg_nano.a(libc_a-nano-vfprintf_i.o)
                0x08005fa8                _printf_common
 .text._printf_i
                0x0800608c      0x23c C:/Users/ff/AppData/Local/stm32cube/bundles/gnu-tools-for-stm32/13.3.1+st.9/bin/../lib/gcc/arm-none-eabi/13.3.1/../../../../arm-none-eabi/lib/thumb/v7-m/nofp\libg_nano.a(libc_a-nano-vfprintf_i.o)
                0x0800608c                _printf_i
 .text.__sflush_r
                0x080062c8      0x100 C:/Users/ff/AppData/Local/stm32cube/bundles/gnu-tools-for-stm32/13.3.1+st.9/bin/../lib/gcc/arm-none-eabi/13.3.1/../../../../arm-none-eabi/lib/thumb/v7-m/nofp\libg_nano.a(libc_a-fflush.o)
                0x080062c8                __sflush_r
 .text._fflush_r
                0x080063c8       0x50 C:/Users/ff/AppData/Local/stm32cube/bundles/gnu-tools-for-stm32/13.3.1+st.9/bin/../lib/gcc/arm-none-eabi/13.3.1/../../../../arm-none-eabi/lib/thumb/v7-m/nofp\libg_nano.a(libc_a-fflush.o)
                0x080063c8                _fflush_r
 .text.__swbuf_r
                0x08006418       0x7c C:/Users/ff/AppData/Local/stm32cube/bundles/gnu-tools-for-stm32/13.3.1+st.9/bin/../lib/gcc/arm-none-eabi/13.3.1/../../../../arm-none-eabi/lib/thumb/v7-m/nofp\libg_nano.a(libc_a-wbuf.o)
                0x08006418                __swbuf_r
 .text.__swsetup_r
                0x08006494       0xac C:/Users/ff/AppData/Local/stm32cube/bundles/gnu-tools-for-stm32/13.3.1+st.9/bin/../lib/gcc/arm-none-eabi/13.3.1/../../../../arm-none-eabi/lib/thumb/v7-m/nofp\libg_nano.a(libc_a-wsetup.o)
                0x08006494                __swsetup_r
 .text._raise_r
                0x08006540       0x50 C:/Users/ff/AppData/Local/stm32cube/bundles/gnu-tools-for-stm32/13.3.1+st.9/bin/../lib/gcc/arm-none-eabi/13.3.1/../../../../arm-none-eabi/lib/thumb/v7-m/nofp\libg_nano.a(libc_a-signal.o)
                0x08006540                _raise_r
 .text.raise    0x08006590       0x10 C:/Users/ff/AppData/Local/stm32cube/bundles/gnu-tools-for-stm32/13.3.1+st.9/bin/../lib/gcc/arm-none-eabi/13.3.1/../../../../arm-none-eabi/lib/thumb/v7-m/nofp\libg_nano.a(libc_a-signal.o)
                0x08006590                raise
 .text._kill_r  0x080065a0       0x24 C:/Users/ff/AppData/Local/stm32cube/bundles/gnu-tools-for-stm32/13.3.1+st.9/bin/../lib/gcc/arm-none-eabi/13.3.1/../../../../arm-none-eabi/lib/thumb/v7-m/nofp\libg_nano.a(libc_a-signalr.o)
                0x080065a0                _kill_r
 .text._getpid_r
                0x080065c4        0x4 C:/Users/ff/AppData/Local/stm32cube/bundles/gnu-tools-for-stm32/13.3.1+st.9/bin/../lib/gcc/arm-none-eabi/13.3.1/../../../../arm-none-eabi/lib/thumb/v7-m/nofp\libg_nano.a(libc_a-signalr.o)
                0x080065c4                _getpid_r
 .text.memchr   0x080065c8       0x1c C:/Users/ff/AppData/Local/stm32cube/bundles/gnu-tools-for-stm32/13.3.1+st.9/bin/../lib/gcc/arm-none-eabi/13.3.1/../../../../arm-none-eabi/lib/thumb/v7-m/nofp\libg_nano.a(libc_a-memchr-stub.o)
                0x080065c8                memchr
 .text.__swhatbuf_r
                0x080065e4       0x4a C:/Users/ff/AppData/Local/stm32cube/bundles/gnu-tools-for-stm32/13.3.1+st.9/bin/../lib/gcc/arm-none-eabi/13.3.1/../../../../arm-none-eabi/lib/thumb/v7-m/nofp\libg_nano.a(libc_a-makebuf.o)
                0x080065e4                __swhatbuf_r
 .text.__smakebuf_r
                0x0800662e       0x78 C:/Users/ff/AppData/Local/stm32cube/bundles/gnu-tools-for-stm32/13.3.1+st.9/bin/../lib/gcc/arm-none-eabi/13.3.1/../../../../arm-none-eabi/lib/thumb/v7-m/nofp\libg_nano.a(libc_a-makebuf.o)
                0x0800662e                __smakebuf_r
 *fill*         0x080066a6        0x2 
 .text._fstat_r
                0x080066a8       0x24 C:/Users/ff/AppData/Local/stm32cube/bundles/gnu-tools-for-stm32/13.3.1+st.9/bin/../lib/gcc/arm-none-eabi/13.3.1/../../../../arm-none-eabi/lib/thumb/v7-m/nofp\libg_nano.a(libc_a-fstatr.o)
                0x080066a8                _fstat_r
 .text._isatty_r
                0x080066cc       0x20 C:/Users/ff/AppData/Local/stm32cube/bundles/gnu-tools-for-stm32/13.3.1+st.9/bin/../lib/gcc/arm-none-eabi/13.3.1/../../../../arm-none-eabi/lib/thumb/v7-m/nofp\libg_nano.a(libc_a-isattyr.o)
                0x080066cc                _isatty_r
 *(.glue_7)
 .glue_7        0x080066ec        0x0 linker stubs
 *(.glue_7t)
 .glue_7t       0x080066ec        0x0 linker stubs
 *(.eh_frame)
 .eh_frame      0x080066ec        0x0 C:/Users/ff/AppData/Local/stm32cube/bundles/gnu-tools-for-stm32/13.3.1+st.9/bin/../lib/gcc/arm-none-eabi/13.3.1/thumb/v7-m/nofp/crtbegin.o
 *(.init)
 .init          0x080066ec        0x4 C:/Users/ff/AppData/Local/stm32cube/bundles/gnu-tools-for-stm32/13.3.1+st.9/bin/../lib/gcc/arm-none-eabi/13.3.1/thumb/v7-m/nofp/crti.o
                0x080066ec                _init
 .init          0x080066f0        0x8 C:/Users/ff/AppData/Local/stm32cube/bundles/gnu-tools-for-stm32/13.3.1+st.9/bin/../lib/gcc/arm-none-eabi/13.3.1/thumb/v7-m/nofp/crtn.o
 *(.fini)
 .fini          0x080066f8        0x4 C:/Users/ff/AppData/Local/stm32cube/bundles/gnu-tools-for-stm32/13.3.1+st.9/bin/../lib/gcc/arm-none-eabi/13.3.1/thumb/v7-m/nofp/crti.o
                0x080066f8                _fini
 .fini          0x080066fc        0x8 C:/Users/ff/AppData/Local/stm32cube/bundles/gnu-tools-for-stm32/13.3.1+st.9/bin/../lib/gcc/arm-none-eabi/13.3.1/thumb/v7-m/nofp/crtn.o
                0x08006704                        . = ALIGN (0x4)
                0x08006704                        _etext = .

.vfp11_veneer   0x08006704        0x0
 .vfp11_veneer  0x08006704        0x0 linker stubs

.v4_bx          0x08006704        0x0
 .v4_bx         0x08006704        0x0 linker stubs

.iplt           0x08006704        0x0
 .iplt          0x08006704        0x0 C:/Users/ff/AppData/Local/stm32cube/bundles/gnu-tools-for-stm32/13.3.1+st.9/bin/../lib/gcc/arm-none-eabi/13.3.1/thumb/v7-m/nofp/crtbegin.o

.rodata         0x08006704      0x3ec
                0x08006704                        . = ALIGN (0x4)
 *(.rodata)
 .rodata        0x08006704       0xd6 CMakeFiles/flower.dir/src/driver_bh1750fvi_basic.c.obj
 *fill*         0x080067da        0x2 
 .rodata        0x080067dc      0x1ec CMakeFiles/flower.dir/components/bh1750fvi/src/driver_bh1750fvi.c.obj
 .rodata        0x080069c8       0x67 CMakeFiles/flower.dir/components/Ring-Buffer/ringbuffer.c.obj
 *(.rodata*)
 *fill*         0x08006a2f        0x1 
 .rodata.AHBPrescTable
                0x08006a30       0x10 cmake/stm32cubemx/CMakeFiles/STM32_Drivers.dir/__/__/Core/Src/system_stm32f1xx.c.obj
                0x08006a30                AHBPrescTable
 .rodata.APBPrescTable
                0x08006a40        0x8 cmake/stm32cubemx/CMakeFiles/STM32_Drivers.dir/__/__/Core/Src/system_stm32f1xx.c.obj
                0x08006a40                APBPrescTable
 .rodata.aPLLMULFactorTable.1
                0x08006a48       0x10 cmake/stm32cubemx/CMakeFiles/STM32_Drivers.dir/__/__/Drivers/STM32F1xx_HAL_Driver/Src/stm32f1xx_hal_rcc.c.obj
 .rodata.aPredivFactorTable.0
                0x08006a58        0x2 cmake/stm32cubemx/CMakeFiles/STM32_Drivers.dir/__/__/Drivers/STM32F1xx_HAL_Driver/Src/stm32f1xx_hal_rcc.c.obj
 *fill*         0x08006a5a        0x2 
 .rodata.aPLLMULFactorTable.1
                0x08006a5c       0x10 cmake/stm32cubemx/CMakeFiles/STM32_Drivers.dir/__/__/Drivers/STM32F1xx_HAL_Driver/Src/stm32f1xx_hal_rcc_ex.c.obj
 .rodata.aPredivFactorTable.0
                0x08006a6c        0x2 cmake/stm32cubemx/CMakeFiles/STM32_Drivers.dir/__/__/Drivers/STM32F1xx_HAL_Driver/Src/stm32f1xx_hal_rcc_ex.c.obj
 *fill*         0x08006a6e        0x2 
 .rodata.__func__.0
                0x08006a70       0x11 CMakeFiles/flower.dir/components/Ring-Buffer/ringbuffer.c.obj
 .rodata.__assert_func.str1.1
                0x08006a81       0x6f C:/Users/ff/AppData/Local/stm32cube/bundles/gnu-tools-for-stm32/13.3.1+st.9/bin/../lib/gcc/arm-none-eabi/13.3.1/../../../../arm-none-eabi/lib/thumb/v7-m/nofp\libg_nano.a(libc_a-assert.o)
                                 0x3d (size before relaxing)
 .rodata._vfprintf_r.str1.1
                0x08006af0        0x0 C:/Users/ff/AppData/Local/stm32cube/bundles/gnu-tools-for-stm32/13.3.1+st.9/bin/../lib/gcc/arm-none-eabi/13.3.1/../../../../arm-none-eabi/lib/thumb/v7-m/nofp\libg_nano.a(libc_a-nano-vfprintf.o)
                                 0x11 (size before relaxing)
 .rodata._printf_i.str1.1
                0x08006af0        0x0 C:/Users/ff/AppData/Local/stm32cube/bundles/gnu-tools-for-stm32/13.3.1+st.9/bin/../lib/gcc/arm-none-eabi/13.3.1/../../../../arm-none-eabi/lib/thumb/v7-m/nofp\libg_nano.a(libc_a-nano-vfprintf_i.o)
                                 0x22 (size before relaxing)
                0x08006af0                        . = ALIGN (0x4)

.ARM.extab      0x08006af0        0x0
                0x08006af0                        . = ALIGN (0x4)
 *(.ARM.extab* .gnu.linkonce.armextab.*)
                0x08006af0                        . = ALIGN (0x4)

.ARM            0x08006af0        0x0
                0x08006af0                        . = ALIGN (0x4)
                0x08006af0                        __exidx_start = .
 *(.ARM.exidx*)
                0x08006af0                        __exidx_end = .
                0x08006af0                        . = ALIGN (0x4)

.preinit_array  0x08006af0        0x0
                0x08006af0                        . = ALIGN (0x4)
                0x08006af0                        PROVIDE (__preinit_array_start = .)
 *(.preinit_array*)
                0x08006af0                        PROVIDE (__preinit_array_end = .)
                0x08006af0                        . = ALIGN (0x4)

.init_array     0x08006af0        0x4
                0x08006af0                        . = ALIGN (0x4)
                0x08006af0                        PROVIDE (__init_array_start = .)
 *(SORT_BY_NAME(.init_array.*))
 *(.init_array*)
 .init_array    0x08006af0        0x4 C:/Users/ff/AppData/Local/stm32cube/bundles/gnu-tools-for-stm32/13.3.1+st.9/bin/../lib/gcc/arm-none-eabi/13.3.1/thumb/v7-m/nofp/crtbegin.o
                0x08006af4                        PROVIDE (__init_array_end = .)
                0x08006af4                        . = ALIGN (0x4)

.fini_array     0x08006af4        0x4
                0x08006af4                        . = ALIGN (0x4)
                [!provide]                        PROVIDE (__fini_array_start = .)
 *(SORT_BY_NAME(.fini_array.*))
 *(.fini_array*)
 .fini_array    0x08006af4        0x4 C:/Users/ff/AppData/Local/stm32cube/bundles/gnu-tools-for-stm32/13.3.1+st.9/bin/../lib/gcc/arm-none-eabi/13.3.1/thumb/v7-m/nofp/crtbegin.o
                [!provide]                        PROVIDE (__fini_array_end = .)
                0x08006af8                        . = ALIGN (0x4)
                0x08006af8                        _sidata = LOADADDR (.data)

.rel.dyn        0x08006af8        0x0
 .rel.iplt      0x08006af8        0x0 C:/Users/ff/AppData/Local/stm32cube/bundles/gnu-tools-for-stm32/13.3.1+st.9/bin/../lib/gcc/arm-none-eabi/13.3.1/thumb/v7-m/nofp/crtbegin.o

.data           0x20000000       0x68 load address 0x08006af8
                0x20000000                        . = ALIGN (0x4)
                0x20000000                        _sdata = .
 *(.data)
 *(.data*)
 .data.SystemCoreClock
                0x20000000        0x4 cmake/stm32cubemx/CMakeFiles/STM32_Drivers.dir/__/__/Core/Src/system_stm32f1xx.c.obj
                0x20000000                SystemCoreClock
 .data.uwTickPrio
                0x20000004        0x4 cmake/stm32cubemx/CMakeFiles/STM32_Drivers.dir/__/__/Drivers/STM32F1xx_HAL_Driver/Src/stm32f1xx_hal.c.obj
                0x20000004                uwTickPrio
 .data.uwTickFreq
                0x20000008        0x1 cmake/stm32cubemx/CMakeFiles/STM32_Drivers.dir/__/__/Drivers/STM32F1xx_HAL_Driver/Src/stm32f1xx_hal.c.obj
                0x20000008                uwTickFreq
 *fill*         0x20000009        0x3 
 .data.__sglue  0x2000000c        0xc C:/Users/ff/AppData/Local/stm32cube/bundles/gnu-tools-for-stm32/13.3.1+st.9/bin/../lib/gcc/arm-none-eabi/13.3.1/../../../../arm-none-eabi/lib/thumb/v7-m/nofp\libg_nano.a(libc_a-findfp.o)
                0x2000000c                __sglue
 .data._impure_ptr
                0x20000018        0x4 C:/Users/ff/AppData/Local/stm32cube/bundles/gnu-tools-for-stm32/13.3.1+st.9/bin/../lib/gcc/arm-none-eabi/13.3.1/../../../../arm-none-eabi/lib/thumb/v7-m/nofp\libg_nano.a(libc_a-impure.o)
                0x20000018                _impure_ptr
 .data._impure_data
                0x2000001c       0x4c C:/Users/ff/AppData/Local/stm32cube/bundles/gnu-tools-for-stm32/13.3.1+st.9/bin/../lib/gcc/arm-none-eabi/13.3.1/../../../../arm-none-eabi/lib/thumb/v7-m/nofp\libg_nano.a(libc_a-impure.o)
                0x2000001c                _impure_data
 *(.RamFunc)
 *(.RamFunc*)
                0x20000068                        . = ALIGN (0x4)

.igot.plt       0x20000068        0x0 load address 0x08006b60
 .igot.plt      0x20000068        0x0 C:/Users/ff/AppData/Local/stm32cube/bundles/gnu-tools-for-stm32/13.3.1+st.9/bin/../lib/gcc/arm-none-eabi/13.3.1/thumb/v7-m/nofp/crtbegin.o

.tdata          0x20000068        0x0 load address 0x08006b60
 *(.tdata .tdata.* .gnu.linkonce.td.*)
                0x20000068                        . = ALIGN (0x4)
                0x20000068                        _edata = .
                [!provide]                        PROVIDE (__data_end = .)
                [!provide]                        PROVIDE (__tdata_end = .)
                [!provide]                        PROVIDE (__tdata_start = ADDR (.tdata))
                [!provide]                        PROVIDE (__tdata_size = (__tdata_end - __tdata_start))
                [!provide]                        PROVIDE (__data_start = ADDR (.data))
                [!provide]                        PROVIDE (__data_size = (__data_end - __data_start))
                [!provide]                        PROVIDE (__tdata_source = LOADADDR (.tdata))
                [!provide]                        PROVIDE (__tdata_source_end = (LOADADDR (.tdata) + SIZEOF (.tdata)))
                [!provide]                        PROVIDE (__tdata_source_size = (__tdata_source_end - __tdata_source))
                [!provide]                        PROVIDE (__data_source = LOADADDR (.data))
                [!provide]                        PROVIDE (__data_source_end = __tdata_source_end)
                [!provide]                        PROVIDE (__data_source_size = (__data_source_end - __data_source))

.tbss           0x20000068        0x0 load address 0x08006b60
                0x20000068                        _sbss = .
                0x20000068                        __bss_start__ = _sbss
 *(.tbss .tbss.*)
                0x20000068                        . = ALIGN (0x4)
                [!provide]                        PROVIDE (__tbss_end = .)
                [!provide]                        PROVIDE (__tbss_start = ADDR (.tbss))
                [!provide]                        PROVIDE (__tbss_size = (__tbss_end - __tbss_start))
                [!provide]                        PROVIDE (__tbss_offset = (ADDR (.tbss) - ADDR (.tdata)))
                [!provide]                        PROVIDE (__tls_base = __tdata_start)
                [!provide]                        PROVIDE (__tls_end = __tbss_end)
                [!provide]                        PROVIDE (__tls_size = (__tls_end - __tls_base))
                [!provide]                        PROVIDE (__tls_align = MAX (ALIGNOF (.tdata), ALIGNOF (.tbss)))
                [!provide]                        PROVIDE (__tls_size_align = (((__tls_size + __tls_align) - 0x1) & ~ ((__tls_align - 0x1))))
                [!provide]                        PROVIDE (__arm32_tls_tcb_offset = MAX (0x8, __tls_align))
                [!provide]                        PROVIDE (__arm64_tls_tcb_offset = MAX (0x10, __tls_align))

.bss            0x20000068      0x364 load address 0x08006b60
 *(.bss)
 .bss           0x20000068       0x1c C:/Users/ff/AppData/Local/stm32cube/bundles/gnu-tools-for-stm32/13.3.1+st.9/bin/../lib/gcc/arm-none-eabi/13.3.1/thumb/v7-m/nofp/crtbegin.o
 *(.bss*)
 .bss.uwTick    0x20000084        0x4 cmake/stm32cubemx/CMakeFiles/STM32_Drivers.dir/__/__/Drivers/STM32F1xx_HAL_Driver/Src/stm32f1xx_hal.c.obj
                0x20000084                uwTick
 .bss.hadc1     0x20000088       0x30 CMakeFiles/flower.dir/Core/Src/adc.c.obj
                0x20000088                hadc1
 .bss.hdma_adc1
                0x200000b8       0x44 CMakeFiles/flower.dir/Core/Src/adc.c.obj
                0x200000b8                hdma_adc1
 .bss.hi2c1     0x200000fc       0x54 CMakeFiles/flower.dir/Core/Src/i2c.c.obj
                0x200000fc                hi2c1
 .bss.htim1     0x20000150       0x48 CMakeFiles/flower.dir/Core/Src/tim.c.obj
                0x20000150                htim1
 .bss.huart1    0x20000198       0x48 CMakeFiles/flower.dir/Core/Src/usart.c.obj
                0x20000198                huart1
 .bss.huart2    0x200001e0       0x48 CMakeFiles/flower.dir/Core/Src/usart.c.obj
                0x200001e0                huart2
 .bss.__sbrk_heap_end
                0x20000228        0x4 CMakeFiles/flower.dir/Core/Src/sysmem.c.obj
 .bss.mc_buf    0x2000022c       0x20 CMakeFiles/flower.dir/src/flower.c.obj
 .bss.mc_rb     0x2000024c       0x10 CMakeFiles/flower.dir/src/flower.c.obj
 .bss.adc_data  0x2000025c        0x2 CMakeFiles/flower.dir/src/flower.c.obj
 .bss.adc_ready
                0x2000025e        0x1 CMakeFiles/flower.dir/src/flower.c.obj
 *fill*         0x2000025f        0x1 
 .bss.gs_handle
                0x20000260       0x20 CMakeFiles/flower.dir/src/driver_bh1750fvi_basic.c.obj
 .bss.__malloc_sbrk_start
                0x20000280        0x4 C:/Users/ff/AppData/Local/stm32cube/bundles/gnu-tools-for-stm32/13.3.1+st.9/bin/../lib/gcc/arm-none-eabi/13.3.1/../../../../arm-none-eabi/lib/thumb/v7-m/nofp\libg_nano.a(libc_a-mallocr.o)
                0x20000280                __malloc_sbrk_start
 .bss.__malloc_free_list
                0x20000284        0x4 C:/Users/ff/AppData/Local/stm32cube/bundles/gnu-tools-for-stm32/13.3.1+st.9/bin/../lib/gcc/arm-none-eabi/13.3.1/../../../../arm-none-eabi/lib/thumb/v7-m/nofp\libg_nano.a(libc_a-mallocr.o)
                0x20000284                __malloc_free_list
 .bss.__sf      0x20000288      0x138 C:/Users/ff/AppData/Local/stm32cube/bundles/gnu-tools-for-stm32/13.3.1+st.9/bin/../lib/gcc/arm-none-eabi/13.3.1/../../../../arm-none-eabi/lib/thumb/v7-m/nofp\libg_nano.a(libc_a-findfp.o)
                0x20000288                __sf
 .bss.__stdio_exit_handler
                0x200003c0        0x4 C:/Users/ff/AppData/Local/stm32cube/bundles/gnu-tools-for-stm32/13.3.1+st.9/bin/../lib/gcc/arm-none-eabi/13.3.1/../../../../arm-none-eabi/lib/thumb/v7-m/nofp\libg_nano.a(libc_a-findfp.o)
                0x200003c0                __stdio_exit_handler
 .bss.errno     0x200003c4        0x4 C:/Users/ff/AppData/Local/stm32cube/bundles/gnu-tools-for-stm32/13.3.1+st.9/bin/../lib/gcc/arm-none-eabi/13.3.1/../../../../arm-none-eabi/lib/thumb/v7-m/nofp\libg_nano.a(libc_a-reent.o)
                0x200003c4                errno
 .bss.__lock___malloc_recursive_mutex
                0x200003c8        0x1 C:/Users/ff/AppData/Local/stm32cube/bundles/gnu-tools-for-stm32/13.3.1+st.9/bin/../lib/gcc/arm-none-eabi/13.3.1/../../../../arm-none-eabi/lib/thumb/v7-m/nofp\libg_nano.a(libc_a-lock.o)
                0x200003c8                __lock___malloc_recursive_mutex
 .bss.__lock___sfp_recursive_mutex
                0x200003c9        0x1 C:/Users/ff/AppData/Local/stm32cube/bundles/gnu-tools-for-stm32/13.3.1+st.9/bin/../lib/gcc/arm-none-eabi/13.3.1/../../../../arm-none-eabi/lib/thumb/v7-m/nofp\libg_nano.a(libc_a-lock.o)
                0x200003c9                __lock___sfp_recursive_mutex
 *(COMMON)
                0x200003cc                        . = ALIGN (0x4)
 *fill*         0x200003ca        0x2 
                0x200003cc                        _ebss = .
                0x200003cc                        __bss_end__ = _ebss
                [!provide]                        PROVIDE (__bss_end = .)
                [!provide]                        PROVIDE (__non_tls_bss_start = ADDR (.bss))
                [!provide]                        PROVIDE (__bss_start = __tbss_start)
                [!provide]                        PROVIDE (__bss_size = (__bss_end - __bss_start))

._user_heap_stack
                0x200003cc      0x604 load address 0x08006b60
                0x200003d0                        . = ALIGN (0x8)
 *fill*         0x200003cc        0x4 
                [!provide]                        PROVIDE (end = .)
                0x200003d0                        PROVIDE (_end = .)
                0x200005d0                        . = (. + _Min_Heap_Size)
 *fill*         0x200003d0      0x200 
                0x200009d0                        . = (. + _Min_Stack_Size)
 *fill*         0x200005d0      0x400 
                0x200009d0                        . = ALIGN (0x8)

/DISCARD/
 libc.a:*(*)
 libm.a:*(*)
 libgcc.a:*(*)
OUTPUT(flower.elf elf32-littlearm)
LOAD linker stubs

.ARM.attributes
                0x00000000       0x29
 .ARM.attributes
                0x00000000       0x1d C:/Users/ff/AppData/Local/stm32cube/bundles/gnu-tools-for-stm32/13.3.1+st.9/bin/../lib/gcc/arm-none-eabi/13.3.1/thumb/v7-m/nofp/crti.o
 .ARM.attributes
                0x0000001d       0x2d C:/Users/ff/AppData/Local/stm32cube/bundles/gnu-tools-for-stm32/13.3.1+st.9/bin/../lib/gcc/arm-none-eabi/13.3.1/thumb/v7-m/nofp/crtbegin.o
 .ARM.attributes
                0x0000004a       0x2d cmake/stm32cubemx/CMakeFiles/STM32_Drivers.dir/__/__/Core/Src/system_stm32f1xx.c.obj
 .ARM.attributes
                0x00000077       0x2d cmake/stm32cubemx/CMakeFiles/STM32_Drivers.dir/__/__/Drivers/STM32F1xx_HAL_Driver/Src/stm32f1xx_hal_adc.c.obj
 .ARM.attributes
                0x000000a4       0x2d cmake/stm32cubemx/CMakeFiles/STM32_Drivers.dir/__/__/Drivers/STM32F1xx_HAL_Driver/Src/stm32f1xx_hal_adc_ex.c.obj
 .ARM.attributes
                0x000000d1       0x2d cmake/stm32cubemx/CMakeFiles/STM32_Drivers.dir/__/__/Drivers/STM32F1xx_HAL_Driver/Src/stm32f1xx_hal.c.obj
 .ARM.attributes
                0x000000fe       0x2d cmake/stm32cubemx/CMakeFiles/STM32_Drivers.dir/__/__/Drivers/STM32F1xx_HAL_Driver/Src/stm32f1xx_hal_rcc.c.obj
 .ARM.attributes
                0x0000012b       0x2d cmake/stm32cubemx/CMakeFiles/STM32_Drivers.dir/__/__/Drivers/STM32F1xx_HAL_Driver/Src/stm32f1xx_hal_rcc_ex.c.obj
 .ARM.attributes
                0x00000158       0x2d cmake/stm32cubemx/CMakeFiles/STM32_Drivers.dir/__/__/Drivers/STM32F1xx_HAL_Driver/Src/stm32f1xx_hal_gpio.c.obj
 .ARM.attributes
                0x00000185       0x2d cmake/stm32cubemx/CMakeFiles/STM32_Drivers.dir/__/__/Drivers/STM32F1xx_HAL_Driver/Src/stm32f1xx_hal_dma.c.obj
 .ARM.attributes
                0x000001b2       0x2d cmake/stm32cubemx/CMakeFiles/STM32_Drivers.dir/__/__/Drivers/STM32F1xx_HAL_Driver/Src/stm32f1xx_hal_cortex.c.obj
 .ARM.attributes
                0x000001df       0x2d cmake/stm32cubemx/CMakeFiles/STM32_Drivers.dir/__/__/Drivers/STM32F1xx_HAL_Driver/Src/stm32f1xx_hal_i2c.c.obj
 .ARM.attributes
                0x0000020c       0x2d cmake/stm32cubemx/CMakeFiles/STM32_Drivers.dir/__/__/Drivers/STM32F1xx_HAL_Driver/Src/stm32f1xx_hal_tim.c.obj
 .ARM.attributes
                0x00000239       0x2d cmake/stm32cubemx/CMakeFiles/STM32_Drivers.dir/__/__/Drivers/STM32F1xx_HAL_Driver/Src/stm32f1xx_hal_tim_ex.c.obj
 .ARM.attributes
                0x00000266       0x2d cmake/stm32cubemx/CMakeFiles/STM32_Drivers.dir/__/__/Drivers/STM32F1xx_HAL_Driver/Src/stm32f1xx_hal_uart.c.obj
 .ARM.attributes
                0x00000293       0x2d CMakeFiles/flower.dir/Core/Src/main.c.obj
 .ARM.attributes
                0x000002c0       0x2d CMakeFiles/flower.dir/Core/Src/gpio.c.obj
 .ARM.attributes
                0x000002ed       0x2d CMakeFiles/flower.dir/Core/Src/adc.c.obj
 .ARM.attributes
                0x0000031a       0x2d CMakeFiles/flower.dir/Core/Src/dma.c.obj
 .ARM.attributes
                0x00000347       0x2d CMakeFiles/flower.dir/Core/Src/i2c.c.obj
 .ARM.attributes
                0x00000374       0x2d CMakeFiles/flower.dir/Core/Src/tim.c.obj
 .ARM.attributes
                0x000003a1       0x2d CMakeFiles/flower.dir/Core/Src/usart.c.obj
 .ARM.attributes
                0x000003ce       0x2d CMakeFiles/flower.dir/Core/Src/stm32f1xx_it.c.obj
 .ARM.attributes
                0x000003fb       0x2d CMakeFiles/flower.dir/Core/Src/stm32f1xx_hal_msp.c.obj
 .ARM.attributes
                0x00000428       0x2d CMakeFiles/flower.dir/Core/Src/sysmem.c.obj
 .ARM.attributes
                0x00000455       0x2d CMakeFiles/flower.dir/Core/Src/syscalls.c.obj
 .ARM.attributes
                0x00000482       0x21 CMakeFiles/flower.dir/startup_stm32f103xb.s.obj
 .ARM.attributes
                0x000004a3       0x2d CMakeFiles/flower.dir/src/flower.c.obj
 .ARM.attributes
                0x000004d0       0x2d CMakeFiles/flower.dir/src/driver_bh1750fvi_interface_template.c.obj
 .ARM.attributes
                0x000004fd       0x2d CMakeFiles/flower.dir/src/driver_bh1750fvi_basic.c.obj
 .ARM.attributes
                0x0000052a       0x2d CMakeFiles/flower.dir/components/bh1750fvi/src/driver_bh1750fvi.c.obj
 .ARM.attributes
                0x00000557       0x2d CMakeFiles/flower.dir/components/Ring-Buffer/ringbuffer.c.obj
 .ARM.attributes
                0x00000584       0x1d C:/Users/ff/AppData/Local/stm32cube/bundles/gnu-tools-for-stm32/13.3.1+st.9/bin/../lib/gcc/arm-none-eabi/13.3.1/thumb/v7-m/nofp\libgcc.a(_arm_addsubsf3.o)
 .ARM.attributes
                0x000005a1       0x1d C:/Users/ff/AppData/Local/stm32cube/bundles/gnu-tools-for-stm32/13.3.1+st.9/bin/../lib/gcc/arm-none-eabi/13.3.1/thumb/v7-m/nofp\libgcc.a(_arm_muldivsf3.o)
 .ARM.attributes
                0x000005be       0x2d C:/Users/ff/AppData/Local/stm32cube/bundles/gnu-tools-for-stm32/13.3.1+st.9/bin/../lib/gcc/arm-none-eabi/13.3.1/../../../../arm-none-eabi/lib/thumb/v7-m/nofp\libg_nano.a(libc_a-assert.o)
 .ARM.attributes
                0x000005eb       0x2d C:/Users/ff/AppData/Local/stm32cube/bundles/gnu-tools-for-stm32/13.3.1+st.9/bin/../lib/gcc/arm-none-eabi/13.3.1/../../../../arm-none-eabi/lib/thumb/v7-m/nofp\libg_nano.a(libc_a-mallocr.o)
 .ARM.attributes
                0x00000618       0x2d C:/Users/ff/AppData/Local/stm32cube/bundles/gnu-tools-for-stm32/13.3.1+st.9/bin/../lib/gcc/arm-none-eabi/13.3.1/../../../../arm-none-eabi/lib/thumb/v7-m/nofp\libg_nano.a(libc_a-mlock.o)
 .ARM.attributes
                0x00000645       0x2d C:/Users/ff/AppData/Local/stm32cube/bundles/gnu-tools-for-stm32/13.3.1+st.9/bin/../lib/gcc/arm-none-eabi/13.3.1/../../../../arm-none-eabi/lib/thumb/v7-m/nofp\libg_nano.a(libc_a-findfp.o)
 .ARM.attributes
                0x00000672       0x2d C:/Users/ff/AppData/Local/stm32cube/bundles/gnu-tools-for-stm32/13.3.1+st.9/bin/../lib/gcc/arm-none-eabi/13.3.1/../../../../arm-none-eabi/lib/thumb/v7-m/nofp\libg_nano.a(libc_a-fprintf.o)
 .ARM.attributes
                0x0000069f       0x2d C:/Users/ff/AppData/Local/stm32cube/bundles/gnu-tools-for-stm32/13.3.1+st.9/bin/../lib/gcc/arm-none-eabi/13.3.1/../../../../arm-none-eabi/lib/thumb/v7-m/nofp\libg_nano.a(libc_a-fwalk.o)
 .ARM.attributes
                0x000006cc       0x2d C:/Users/ff/AppData/Local/stm32cube/bundles/gnu-tools-for-stm32/13.3.1+st.9/bin/../lib/gcc/arm-none-eabi/13.3.1/../../../../arm-none-eabi/lib/thumb/v7-m/nofp\libg_nano.a(libc_a-stdio.o)
 .ARM.attributes
                0x000006f9       0x2d C:/Users/ff/AppData/Local/stm32cube/bundles/gnu-tools-for-stm32/13.3.1+st.9/bin/../lib/gcc/arm-none-eabi/13.3.1/../../../../arm-none-eabi/lib/thumb/v7-m/nofp\libg_nano.a(libc_a-memset.o)
 .ARM.attributes
                0x00000726       0x2d C:/Users/ff/AppData/Local/stm32cube/bundles/gnu-tools-for-stm32/13.3.1+st.9/bin/../lib/gcc/arm-none-eabi/13.3.1/../../../../arm-none-eabi/lib/thumb/v7-m/nofp\libg_nano.a(libc_a-closer.o)
 .ARM.attributes
                0x00000753       0x2d C:/Users/ff/AppData/Local/stm32cube/bundles/gnu-tools-for-stm32/13.3.1+st.9/bin/../lib/gcc/arm-none-eabi/13.3.1/../../../../arm-none-eabi/lib/thumb/v7-m/nofp\libg_nano.a(libc_a-reent.o)
 .ARM.attributes
                0x00000780       0x2d C:/Users/ff/AppData/Local/stm32cube/bundles/gnu-tools-for-stm32/13.3.1+st.9/bin/../lib/gcc/arm-none-eabi/13.3.1/../../../../arm-none-eabi/lib/thumb/v7-m/nofp\libg_nano.a(libc_a-impure.o)
 .ARM.attributes
                0x000007ad       0x2d C:/Users/ff/AppData/Local/stm32cube/bundles/gnu-tools-for-stm32/13.3.1+st.9/bin/../lib/gcc/arm-none-eabi/13.3.1/../../../../arm-none-eabi/lib/thumb/v7-m/nofp\libg_nano.a(libc_a-lseekr.o)
 .ARM.attributes
                0x000007da       0x2d C:/Users/ff/AppData/Local/stm32cube/bundles/gnu-tools-for-stm32/13.3.1+st.9/bin/../lib/gcc/arm-none-eabi/13.3.1/../../../../arm-none-eabi/lib/thumb/v7-m/nofp\libg_nano.a(libc_a-readr.o)
 .ARM.attributes
                0x00000807       0x2d C:/Users/ff/AppData/Local/stm32cube/bundles/gnu-tools-for-stm32/13.3.1+st.9/bin/../lib/gcc/arm-none-eabi/13.3.1/../../../../arm-none-eabi/lib/thumb/v7-m/nofp\libg_nano.a(libc_a-sbrkr.o)
 .ARM.attributes
                0x00000834       0x2d C:/Users/ff/AppData/Local/stm32cube/bundles/gnu-tools-for-stm32/13.3.1+st.9/bin/../lib/gcc/arm-none-eabi/13.3.1/../../../../arm-none-eabi/lib/thumb/v7-m/nofp\libg_nano.a(libc_a-writer.o)
 .ARM.attributes
                0x00000861       0x2d C:/Users/ff/AppData/Local/stm32cube/bundles/gnu-tools-for-stm32/13.3.1+st.9/bin/../lib/gcc/arm-none-eabi/13.3.1/../../../../arm-none-eabi/lib/thumb/v7-m/nofp\libg_nano.a(libc_a-errno.o)
 .ARM.attributes
                0x0000088e       0x2d C:/Users/ff/AppData/Local/stm32cube/bundles/gnu-tools-for-stm32/13.3.1+st.9/bin/../lib/gcc/arm-none-eabi/13.3.1/../../../../arm-none-eabi/lib/thumb/v7-m/nofp\libg_nano.a(libc_a-init.o)
 .ARM.attributes
                0x000008bb       0x2d C:/Users/ff/AppData/Local/stm32cube/bundles/gnu-tools-for-stm32/13.3.1+st.9/bin/../lib/gcc/arm-none-eabi/13.3.1/../../../../arm-none-eabi/lib/thumb/v7-m/nofp\libg_nano.a(libc_a-lock.o)
 .ARM.attributes
                0x000008e8       0x2d C:/Users/ff/AppData/Local/stm32cube/bundles/gnu-tools-for-stm32/13.3.1+st.9/bin/../lib/gcc/arm-none-eabi/13.3.1/../../../../arm-none-eabi/lib/thumb/v7-m/nofp\libg_nano.a(libc_a-abort.o)
 .ARM.attributes
                0x00000915       0x2d C:/Users/ff/AppData/Local/stm32cube/bundles/gnu-tools-for-stm32/13.3.1+st.9/bin/../lib/gcc/arm-none-eabi/13.3.1/../../../../arm-none-eabi/lib/thumb/v7-m/nofp\libg_nano.a(libc_a-freer.o)
 .ARM.attributes
                0x00000942       0x2d C:/Users/ff/AppData/Local/stm32cube/bundles/gnu-tools-for-stm32/13.3.1+st.9/bin/../lib/gcc/arm-none-eabi/13.3.1/../../../../arm-none-eabi/lib/thumb/v7-m/nofp\libg_nano.a(libc_a-nano-vfprintf.o)
 .ARM.attributes
                0x0000096f       0x2d C:/Users/ff/AppData/Local/stm32cube/bundles/gnu-tools-for-stm32/13.3.1+st.9/bin/../lib/gcc/arm-none-eabi/13.3.1/../../../../arm-none-eabi/lib/thumb/v7-m/nofp\libg_nano.a(libc_a-nano-vfprintf_i.o)
 .ARM.attributes
                0x0000099c       0x2d C:/Users/ff/AppData/Local/stm32cube/bundles/gnu-tools-for-stm32/13.3.1+st.9/bin/../lib/gcc/arm-none-eabi/13.3.1/../../../../arm-none-eabi/lib/thumb/v7-m/nofp\libg_nano.a(libc_a-fflush.o)
 .ARM.attributes
                0x000009c9       0x2d C:/Users/ff/AppData/Local/stm32cube/bundles/gnu-tools-for-stm32/13.3.1+st.9/bin/../lib/gcc/arm-none-eabi/13.3.1/../../../../arm-none-eabi/lib/thumb/v7-m/nofp\libg_nano.a(libc_a-wbuf.o)
 .ARM.attributes
                0x000009f6       0x2d C:/Users/ff/AppData/Local/stm32cube/bundles/gnu-tools-for-stm32/13.3.1+st.9/bin/../lib/gcc/arm-none-eabi/13.3.1/../../../../arm-none-eabi/lib/thumb/v7-m/nofp\libg_nano.a(libc_a-wsetup.o)
 .ARM.attributes
                0x00000a23       0x2d C:/Users/ff/AppData/Local/stm32cube/bundles/gnu-tools-for-stm32/13.3.1+st.9/bin/../lib/gcc/arm-none-eabi/13.3.1/../../../../arm-none-eabi/lib/thumb/v7-m/nofp\libg_nano.a(libc_a-signal.o)
 .ARM.attributes
                0x00000a50       0x2d C:/Users/ff/AppData/Local/stm32cube/bundles/gnu-tools-for-stm32/13.3.1+st.9/bin/../lib/gcc/arm-none-eabi/13.3.1/../../../../arm-none-eabi/lib/thumb/v7-m/nofp\libg_nano.a(libc_a-signalr.o)
 .ARM.attributes
                0x00000a7d       0x2d C:/Users/ff/AppData/Local/stm32cube/bundles/gnu-tools-for-stm32/13.3.1+st.9/bin/../lib/gcc/arm-none-eabi/13.3.1/../../../../arm-none-eabi/lib/thumb/v7-m/nofp\libg_nano.a(libc_a-memchr-stub.o)
 .ARM.attributes
                0x00000aaa       0x2d C:/Users/ff/AppData/Local/stm32cube/bundles/gnu-tools-for-stm32/13.3.1+st.9/bin/../lib/gcc/arm-none-eabi/13.3.1/../../../../arm-none-eabi/lib/thumb/v7-m/nofp\libg_nano.a(libc_a-makebuf.o)
 .ARM.attributes
                0x00000ad7       0x2d C:/Users/ff/AppData/Local/stm32cube/bundles/gnu-tools-for-stm32/13.3.1+st.9/bin/../lib/gcc/arm-none-eabi/13.3.1/../../../../arm-none-eabi/lib/thumb/v7-m/nofp\libg_nano.a(libc_a-fstatr.o)
 .ARM.attributes
                0x00000b04       0x2d C:/Users/ff/AppData/Local/stm32cube/bundles/gnu-tools-for-stm32/13.3.1+st.9/bin/../lib/gcc/arm-none-eabi/13.3.1/../../../../arm-none-eabi/lib/thumb/v7-m/nofp\libg_nano.a(libc_a-isattyr.o)
 .ARM.attributes
                0x00000b31       0x1d C:/Users/ff/AppData/Local/stm32cube/bundles/gnu-tools-for-stm32/13.3.1+st.9/bin/../lib/gcc/arm-none-eabi/13.3.1/thumb/v7-m/nofp/crtn.o

.comment        0x00000000       0x43
 .comment       0x00000000       0x43 cmake/stm32cubemx/CMakeFiles/STM32_Drivers.dir/__/__/Core/Src/system_stm32f1xx.c.obj
                                 0x44 (size before relaxing)
 .comment       0x00000043        0x0 cmake/stm32cubemx/CMakeFiles/STM32_Drivers.dir/__/__/Drivers/STM32F1xx_HAL_Driver/Src/stm32f1xx_hal_adc.c.obj
                                 0x44 (size before relaxing)
 .comment       0x00000043        0x0 cmake/stm32cubemx/CMakeFiles/STM32_Drivers.dir/__/__/Drivers/STM32F1xx_HAL_Driver/Src/stm32f1xx_hal_adc_ex.c.obj
                                 0x44 (size before relaxing)
 .comment       0x00000043        0x0 cmake/stm32cubemx/CMakeFiles/STM32_Drivers.dir/__/__/Drivers/STM32F1xx_HAL_Driver/Src/stm32f1xx_hal.c.obj
                                 0x44 (size before relaxing)
 .comment       0x00000043        0x0 cmake/stm32cubemx/CMakeFiles/STM32_Drivers.dir/__/__/Drivers/STM32F1xx_HAL_Driver/Src/stm32f1xx_hal_rcc.c.obj
                                 0x44 (size before relaxing)
 .comment       0x00000043        0x0 cmake/stm32cubemx/CMakeFiles/STM32_Drivers.dir/__/__/Drivers/STM32F1xx_HAL_Driver/Src/stm32f1xx_hal_rcc_ex.c.obj
                                 0x44 (size before relaxing)
 .comment       0x00000043        0x0 cmake/stm32cubemx/CMakeFiles/STM32_Drivers.dir/__/__/Drivers/STM32F1xx_HAL_Driver/Src/stm32f1xx_hal_gpio.c.obj
                                 0x44 (size before relaxing)
 .comment       0x00000043        0x0 cmake/stm32cubemx/CMakeFiles/STM32_Drivers.dir/__/__/Drivers/STM32F1xx_HAL_Driver/Src/stm32f1xx_hal_dma.c.obj
                                 0x44 (size before relaxing)
 .comment       0x00000043        0x0 cmake/stm32cubemx/CMakeFiles/STM32_Drivers.dir/__/__/Drivers/STM32F1xx_HAL_Driver/Src/stm32f1xx_hal_cortex.c.obj
                                 0x44 (size before relaxing)
 .comment       0x00000043        0x0 cmake/stm32cubemx/CMakeFiles/STM32_Drivers.dir/__/__/Drivers/STM32F1xx_HAL_Driver/Src/stm32f1xx_hal_i2c.c.obj
                                 0x44 (size before relaxing)
 .comment       0x00000043        0x0 cmake/stm32cubemx/CMakeFiles/STM32_Drivers.dir/__/__/Drivers/STM32F1xx_HAL_Driver/Src/stm32f1xx_hal_tim.c.obj
                                 0x44 (size before relaxing)
 .comment       0x00000043        0x0 cmake/stm32cubemx/CMakeFiles/STM32_Drivers.dir/__/__/Drivers/STM32F1xx_HAL_Driver/Src/stm32f1xx_hal_tim_ex.c.obj
                                 0x44 (size before relaxing)
 .comment       0x00000043        0x0 cmake/stm32cubemx/CMakeFiles/STM32_Drivers.dir/__/__/Drivers/STM32F1xx_HAL_Driver/Src/stm32f1xx_hal_uart.c.obj
                                 0x44 (size before relaxing)
 .comment       0x00000043        0x0 CMakeFiles/flower.dir/Core/Src/main.c.obj
                                 0x44 (size before relaxing)
 .comment       0x00000043        0x0 CMakeFiles/flower.dir/Core/Src/gpio.c.obj
                                 0x44 (size before relaxing)
 .comment       0x00000043        0x0 CMakeFiles/flower.dir/Core/Src/adc.c.obj
                                 0x44 (size before relaxing)
 .comment       0x00000043        0x0 CMakeFiles/flower.dir/Core/Src/dma.c.obj
                                 0x44 (size before relaxing)
 .comment       0x00000043        0x0 CMakeFiles/flower.dir/Core/Src/i2c.c.obj
                                 0x44 (size before relaxing)
 .comment       0x00000043        0x0 CMakeFiles/flower.dir/Core/Src/tim.c.obj
                                 0x44 (size before relaxing)
 .comment       0x00000043        0x0 CMakeFiles/flower.dir/Core/Src/usart.c.obj
                                 0x44 (size before relaxing)
 .comment       0x00000043        0x0 CMakeFiles/flower.dir/Core/Src/stm32f1xx_it.c.obj
                                 0x44 (size before relaxing)
 .comment       0x00000043        0x0 CMakeFiles/flower.dir/Core/Src/stm32f1xx_hal_msp.c.obj
                                 0x44 (size before relaxing)
 .comment       0x00000043        0x0 CMakeFiles/flower.dir/Core/Src/sysmem.c.obj
                                 0x44 (size before relaxing)
 .comment       0x00000043        0x0 CMakeFiles/flower.dir/Core/Src/syscalls.c.obj
                                 0x44 (size before relaxing)
 .comment       0x00000043        0x0 CMakeFiles/flower.dir/src/flower.c.obj
                                 0x44 (size before relaxing)
 .comment       0x00000043        0x0 CMakeFiles/flower.dir/src/driver_bh1750fvi_interface_template.c.obj
                                 0x44 (size before relaxing)
 .comment       0x00000043        0x0 CMakeFiles/flower.dir/src/driver_bh1750fvi_basic.c.obj
                                 0x44 (size before relaxing)
 .comment       0x00000043        0x0 CMakeFiles/flower.dir/components/bh1750fvi/src/driver_bh1750fvi.c.obj
                                 0x44 (size before relaxing)
 .comment       0x00000043        0x0 CMakeFiles/flower.dir/components/Ring-Buffer/ringbuffer.c.obj
                                 0x44 (size before relaxing)
 .comment       0x00000043        0x0 C:/Users/ff/AppData/Local/stm32cube/bundles/gnu-tools-for-stm32/13.3.1+st.9/bin/../lib/gcc/arm-none-eabi/13.3.1/../../../../arm-none-eabi/lib/thumb/v7-m/nofp\libg_nano.a(libc_a-assert.o)
                                 0x44 (size before relaxing)
 .comment       0x00000043        0x0 C:/Users/ff/AppData/Local/stm32cube/bundles/gnu-tools-for-stm32/13.3.1+st.9/bin/../lib/gcc/arm-none-eabi/13.3.1/../../../../arm-none-eabi/lib/thumb/v7-m/nofp\libg_nano.a(libc_a-mallocr.o)
                                 0x44 (size before relaxing)
 .comment       0x00000043        0x0 C:/Users/ff/AppData/Local/stm32cube/bundles/gnu-tools-for-stm32/13.3.1+st.9/bin/../lib/gcc/arm-none-eabi/13.3.1/../../../../arm-none-eabi/lib/thumb/v7-m/nofp\libg_nano.a(libc_a-mlock.o)
                                 0x44 (size before relaxing)
 .comment       0x00000043        0x0 C:/Users/ff/AppData/Local/stm32cube/bundles/gnu-tools-for-stm32/13.3.1+st.9/bin/../lib/gcc/arm-none-eabi/13.3.1/../../../../arm-none-eabi/lib/thumb/v7-m/nofp\libg_nano.a(libc_a-findfp.o)
                                 0x44 (size before relaxing)
 .comment       0x00000043        0x0 C:/Users/ff/AppData/Local/stm32cube/bundles/gnu-tools-for-stm32/13.3.1+st.9/bin/../lib/gcc/arm-none-eabi/13.3.1/../../../../arm-none-eabi/lib/thumb/v7-m/nofp\libg_nano.a(libc_a-fprintf.o)
                                 0x44 (size before relaxing)
 .comment       0x00000043        0x0 C:/Users/ff/AppData/Local/stm32cube/bundles/gnu-tools-for-stm32/13.3.1+st.9/bin/../lib/gcc/arm-none-eabi/13.3.1/../../../../arm-none-eabi/lib/thumb/v7-m/nofp\libg_nano.a(libc_a-fwalk.o)
                                 0x44 (size before relaxing)
 .comment       0x00000043        0x0 C:/Users/ff/AppData/Local/stm32cube/bundles/gnu-tools-for-stm32/13.3.1+st.9/bin/../lib/gcc/arm-none-eabi/13.3.1/../../../../arm-none-eabi/lib/thumb/v7-m/nofp\libg_nano.a(libc_a-stdio.o)
                                 0x44 (size before relaxing)
 .comment       0x00000043        0x0 C:/Users/ff/AppData/Local/stm32cube/bundles/gnu-tools-for-stm32/13.3.1+st.9/bin/../lib/gcc/arm-none-eabi/13.3.1/../../../../arm-none-eabi/lib/thumb/v7-m/nofp\libg_nano.a(libc_a-memset.o)
                                 0x44 (size before relaxing)
 .comment       0x00000043        0x0 C:/Users/ff/AppData/Local/stm32cube/bundles/gnu-tools-for-stm32/13.3.1+st.9/bin/../lib/gcc/arm-none-eabi/13.3.1/../../../../arm-none-eabi/lib/thumb/v7-m/nofp\libg_nano.a(libc_a-closer.o)
                                 0x44 (size before relaxing)
 .comment       0x00000043        0x0 C:/Users/ff/AppData/Local/stm32cube/bundles/gnu-tools-for-stm32/13.3.1+st.9/bin/../lib/gcc/arm-none-eabi/13.3.1/../../../../arm-none-eabi/lib/thumb/v7-m/nofp\libg_nano.a(libc_a-reent.o)
                                 0x44 (size before relaxing)
 .comment       0x00000043        0x0 C:/Users/ff/AppData/Local/stm32cube/bundles/gnu-tools-for-stm32/13.3.1+st.9/bin/../lib/gcc/arm-none-eabi/13.3.1/../../../../arm-none-eabi/lib/thumb/v7-m/nofp\libg_nano.a(libc_a-impure.o)
                                 0x44 (size before relaxing)
 .comment       0x00000043        0x0 C:/Users/ff/AppData/Local/stm32cube/bundles/gnu-tools-for-stm32/13.3.1+st.9/bin/../lib/gcc/arm-none-eabi/13.3.1/../../../../arm-none-eabi/lib/thumb/v7-m/nofp\libg_nano.a(libc_a-lseekr.o)
                                 0x44 (size before relaxing)
 .comment       0x00000043        0x0 C:/Users/ff/AppData/Local/stm32cube/bundles/gnu-tools-for-stm32/13.3.1+st.9/bin/../lib/gcc/arm-none-eabi/13.3.1/../../../../arm-none-eabi/lib/thumb/v7-m/nofp\libg_nano.a(libc_a-readr.o)
                                 0x44 (size before relaxing)
 .comment       0x00000043        0x0 C:/Users/ff/AppData/Local/stm32cube/bundles/gnu-tools-for-stm32/13.3.1+st.9/bin/../lib/gcc/arm-none-eabi/13.3.1/../../../../arm-none-eabi/lib/thumb/v7-m/nofp\libg_nano.a(libc_a-sbrkr.o)
                                 0x44 (size before relaxing)
 .comment       0x00000043        0x0 C:/Users/ff/AppData/Local/stm32cube/bundles/gnu-tools-for-stm32/13.3.1+st.9/bin/../lib/gcc/arm-none-eabi/13.3.1/../../../../arm-none-eabi/lib/thumb/v7-m/nofp\libg_nano.a(libc_a-writer.o)
                                 0x44 (size before relaxing)
 .comment       0x00000043        0x0 C:/Users/ff/AppData/Local/stm32cube/bundles/gnu-tools-for-stm32/13.3.1+st.9/bin/../lib/gcc/arm-none-eabi/13.3.1/../../../../arm-none-eabi/lib/thumb/v7-m/nofp\libg_nano.a(libc_a-errno.o)
                                 0x44 (size before relaxing)
 .comment       0x00000043        0x0 C:/Users/ff/AppData/Local/stm32cube/bundles/gnu-tools-for-stm32/13.3.1+st.9/bin/../lib/gcc/arm-none-eabi/13.3.1/../../../../arm-none-eabi/lib/thumb/v7-m/nofp\libg_nano.a(libc_a-init.o)
                                 0x44 (size before relaxing)
 .comment       0x00000043        0x0 C:/Users/ff/AppData/Local/stm32cube/bundles/gnu-tools-for-stm32/13.3.1+st.9/bin/../lib/gcc/arm-none-eabi/13.3.1/../../../../arm-none-eabi/lib/thumb/v7-m/nofp\libg_nano.a(libc_a-lock.o)
                                 0x44 (size before relaxing)
 .comment       0x00000043        0x0 C:/Users/ff/AppData/Local/stm32cube/bundles/gnu-tools-for-stm32/13.3.1+st.9/bin/../lib/gcc/arm-none-eabi/13.3.1/../../../../arm-none-eabi/lib/thumb/v7-m/nofp\libg_nano.a(libc_a-abort.o)
                                 0x44 (size before relaxing)
 .comment       0x00000043        0x0 C:/Users/ff/AppData/Local/stm32cube/bundles/gnu-tools-for-stm32/13.3.1+st.9/bin/../lib/gcc/arm-none-eabi/13.3.1/../../../../arm-none-eabi/lib/thumb/v7-m/nofp\libg_nano.a(libc_a-freer.o)
                                 0x44 (size before relaxing)
 .comment       0x00000043        0x0 C:/Users/ff/AppData/Local/stm32cube/bundles/gnu-tools-for-stm32/13.3.1+st.9/bin/../lib/gcc/arm-none-eabi/13.3.1/../../../../arm-none-eabi/lib/thumb/v7-m/nofp\libg_nano.a(libc_a-nano-vfprintf.o)
                                 0x44 (size before relaxing)
 .comment       0x00000043        0x0 C:/Users/ff/AppData/Local/stm32cube/bundles/gnu-tools-for-stm32/13.3.1+st.9/bin/../lib/gcc/arm-none-eabi/13.3.1/../../../../arm-none-eabi/lib/thumb/v7-m/nofp\libg_nano.a(libc_a-nano-vfprintf_i.o)
                                 0x44 (size before relaxing)
 .comment       0x00000043        0x0 C:/Users/ff/AppData/Local/stm32cube/bundles/gnu-tools-for-stm32/13.3.1+st.9/bin/../lib/gcc/arm-none-eabi/13.3.1/../../../../arm-none-eabi/lib/thumb/v7-m/nofp\libg_nano.a(libc_a-fflush.o)
                                 0x44 (size before relaxing)
 .comment       0x00000043        0x0 C:/Users/ff/AppData/Local/stm32cube/bundles/gnu-tools-for-stm32/13.3.1+st.9/bin/../lib/gcc/arm-none-eabi/13.3.1/../../../../arm-none-eabi/lib/thumb/v7-m/nofp\libg_nano.a(libc_a-wbuf.o)
                                 0x44 (size before relaxing)
 .comment       0x00000043        0x0 C:/Users/ff/AppData/Local/stm32cube/bundles/gnu-tools-for-stm32/13.3.1+st.9/bin/../lib/gcc/arm-none-eabi/13.3.1/../../../../arm-none-eabi/lib/thumb/v7-m/nofp\libg_nano.a(libc_a-wsetup.o)
                                 0x44 (size before relaxing)
 .comment       0x00000043        0x0 C:/Users/ff/AppData/Local/stm32cube/bundles/gnu-tools-for-stm32/13.3.1+st.9/bin/../lib/gcc/arm-none-eabi/13.3.1/../../../../arm-none-eabi/lib/thumb/v7-m/nofp\libg_nano.a(libc_a-signal.o)
                                 0x44 (size before relaxing)